Archive member included to satisfy reference by file (symbol)

c:/users/alexb/chipwh~1/cw/home/portable/armgcc/bin/../lib/gcc/arm-none-eabi/10.2.1/thumb/v6-m/nofp\libgcc.a(_udivsi3.o)
                              objdir-CWNANO/stm32f0_hal_lowlevel.o (__aeabi_uidiv)
c:/users/alexb/chipwh~1/cw/home/portable/armgcc/bin/../lib/gcc/arm-none-eabi/10.2.1/thumb/v6-m/nofp\libgcc.a(_dvmd_tls.o)
                              c:/users/alexb/chipwh~1/cw/home/portable/armgcc/bin/../lib/gcc/arm-none-eabi/10.2.1/thumb/v6-m/nofp\libgcc.a(_udivsi3.o) (__aeabi_idiv0)
c:/users/alexb/chipwh~1/cw/home/portable/armgcc/bin/../lib/gcc/arm-none-eabi/10.2.1/../../../../arm-none-eabi/lib/thumb/v6-m/nofp\libg_nano.a(lib_a-exit.o)
                              c:/users/alexb/chipwh~1/cw/home/portable/armgcc/bin/../lib/gcc/arm-none-eabi/10.2.1/../../../../arm-none-eabi/lib/thumb/v6-m/nofp/crt0.o (exit)
c:/users/alexb/chipwh~1/cw/home/portable/armgcc/bin/../lib/gcc/arm-none-eabi/10.2.1/../../../../arm-none-eabi/lib/thumb/v6-m/nofp\libg_nano.a(lib_a-impure.o)
                              c:/users/alexb/chipwh~1/cw/home/portable/armgcc/bin/../lib/gcc/arm-none-eabi/10.2.1/../../../../arm-none-eabi/lib/thumb/v6-m/nofp\libg_nano.a(lib_a-exit.o) (_global_impure_ptr)
c:/users/alexb/chipwh~1/cw/home/portable/armgcc/bin/../lib/gcc/arm-none-eabi/10.2.1/../../../../arm-none-eabi/lib/thumb/v6-m/nofp\libg_nano.a(lib_a-init.o)
                              c:/users/alexb/chipwh~1/cw/home/portable/armgcc/bin/../lib/gcc/arm-none-eabi/10.2.1/../../../../arm-none-eabi/lib/thumb/v6-m/nofp/crt0.o (__libc_init_array)
c:/users/alexb/chipwh~1/cw/home/portable/armgcc/bin/../lib/gcc/arm-none-eabi/10.2.1/../../../../arm-none-eabi/lib/thumb/v6-m/nofp\libg_nano.a(lib_a-memcpy-stub.o)
                              objdir-CWNANO/simpleserial-base.o (memcpy)
c:/users/alexb/chipwh~1/cw/home/portable/armgcc/bin/../lib/gcc/arm-none-eabi/10.2.1/../../../../arm-none-eabi/lib/thumb/v6-m/nofp\libg_nano.a(lib_a-memset.o)
                              c:/users/alexb/chipwh~1/cw/home/portable/armgcc/bin/../lib/gcc/arm-none-eabi/10.2.1/../../../../arm-none-eabi/lib/thumb/v6-m/nofp/crt0.o (memset)
c:/users/alexb/chipwh~1/cw/home/portable/armgcc/bin/../lib/gcc/arm-none-eabi/10.2.1/../../../../arm-none-eabi/lib/thumb/v6-m/nofp\libg_nano.a(lib_a-rand.o)
                              objdir-CWNANO/simpleserial-base.o (srand)
c:/users/alexb/chipwh~1/cw/home/portable/armgcc/bin/../lib/gcc/arm-none-eabi/10.2.1/../../../../arm-none-eabi/lib/thumb/v6-m/nofp\libg_nano.a(lib_a-time.o)
                              objdir-CWNANO/simpleserial-base.o (time)
c:/users/alexb/chipwh~1/cw/home/portable/armgcc/bin/../lib/gcc/arm-none-eabi/10.2.1/../../../../arm-none-eabi/lib/thumb/v6-m/nofp\libg_nano.a(lib_a-assert.o)
                              c:/users/alexb/chipwh~1/cw/home/portable/armgcc/bin/../lib/gcc/arm-none-eabi/10.2.1/../../../../arm-none-eabi/lib/thumb/v6-m/nofp\libg_nano.a(lib_a-rand.o) (__assert_func)
c:/users/alexb/chipwh~1/cw/home/portable/armgcc/bin/../lib/gcc/arm-none-eabi/10.2.1/../../../../arm-none-eabi/lib/thumb/v6-m/nofp\libg_nano.a(lib_a-fprintf.o)
                              c:/users/alexb/chipwh~1/cw/home/portable/armgcc/bin/../lib/gcc/arm-none-eabi/10.2.1/../../../../arm-none-eabi/lib/thumb/v6-m/nofp\libg_nano.a(lib_a-assert.o) (fiprintf)
c:/users/alexb/chipwh~1/cw/home/portable/armgcc/bin/../lib/gcc/arm-none-eabi/10.2.1/../../../../arm-none-eabi/lib/thumb/v6-m/nofp\libg_nano.a(lib_a-gettimeofdayr.o)
                              c:/users/alexb/chipwh~1/cw/home/portable/armgcc/bin/../lib/gcc/arm-none-eabi/10.2.1/../../../../arm-none-eabi/lib/thumb/v6-m/nofp\libg_nano.a(lib_a-time.o) (_gettimeofday_r)
c:/users/alexb/chipwh~1/cw/home/portable/armgcc/bin/../lib/gcc/arm-none-eabi/10.2.1/../../../../arm-none-eabi/lib/thumb/v6-m/nofp\libg_nano.a(lib_a-malloc.o)
                              c:/users/alexb/chipwh~1/cw/home/portable/armgcc/bin/../lib/gcc/arm-none-eabi/10.2.1/../../../../arm-none-eabi/lib/thumb/v6-m/nofp\libg_nano.a(lib_a-rand.o) (malloc)
c:/users/alexb/chipwh~1/cw/home/portable/armgcc/bin/../lib/gcc/arm-none-eabi/10.2.1/../../../../arm-none-eabi/lib/thumb/v6-m/nofp\libg_nano.a(lib_a-nano-freer.o)
                              c:/users/alexb/chipwh~1/cw/home/portable/armgcc/bin/../lib/gcc/arm-none-eabi/10.2.1/../../../../arm-none-eabi/lib/thumb/v6-m/nofp\libg_nano.a(lib_a-malloc.o) (_free_r)
c:/users/alexb/chipwh~1/cw/home/portable/armgcc/bin/../lib/gcc/arm-none-eabi/10.2.1/../../../../arm-none-eabi/lib/thumb/v6-m/nofp\libg_nano.a(lib_a-nano-mallocr.o)
                              c:/users/alexb/chipwh~1/cw/home/portable/armgcc/bin/../lib/gcc/arm-none-eabi/10.2.1/../../../../arm-none-eabi/lib/thumb/v6-m/nofp\libg_nano.a(lib_a-malloc.o) (_malloc_r)
c:/users/alexb/chipwh~1/cw/home/portable/armgcc/bin/../lib/gcc/arm-none-eabi/10.2.1/../../../../arm-none-eabi/lib/thumb/v6-m/nofp\libg_nano.a(lib_a-nano-vfprintf.o)
[...]
Memory Configuration

Name             Origin             Length             Attributes
RAM              0x20000000         0x00001000         xrw
ROM              0x08000000         0x00008000         xr
*default*        0x00000000         0xffffffff

Linker script and memory map

LOAD c:/users/alexb/chipwh~1/cw/home/portable/armgcc/bin/../lib/gcc/arm-none-eabi/10.2.1/thumb/v6-m/nofp/crti.o
LOAD c:/users/alexb/chipwh~1/cw/home/portable/armgcc/bin/../lib/gcc/arm-none-eabi/10.2.1/thumb/v6-m/nofp/crtbegin.o
LOAD c:/users/alexb/chipwh~1/cw/home/portable/armgcc/bin/../lib/gcc/arm-none-eabi/10.2.1/../../../../arm-none-eabi/lib/thumb/v6-m/nofp/crt0.o
LOAD objdir-CWNANO/simpleserial-base.o
LOAD objdir-CWNANO/AES_128.o
LOAD objdir-CWNANO/simpleserial.o
LOAD objdir-CWNANO/stm32f0_hal_nano.o
LOAD objdir-CWNANO/stm32f0_hal_lowlevel.o
LOAD objdir-CWNANO/stm32f0_startup.o
LOAD c:/users/alexb/chipwh~1/cw/home/portable/armgcc/bin/../lib/gcc/arm-none-eabi/10.2.1/../../../../arm-none-eabi/lib/thumb/v6-m/nofp\libm.a
LOAD c:/users/alexb/chipwh~1/cw/home/portable/armgcc/bin/../lib/gcc/arm-none-eabi/10.2.1/../../../../arm-none-eabi/lib/thumb/v6-m/nofp\libm.a
START GROUP
LOAD c:/users/alexb/chipwh~1/cw/home/portable/armgcc/bin/../lib/gcc/arm-none-eabi/10.2.1/thumb/v6-m/nofp\libgcc.a
LOAD c:/users/alexb/chipwh~1/cw/home/portable/armgcc/bin/../lib/gcc/arm-none-eabi/10.2.1/../../../../arm-none-eabi/lib/thumb/v6-m/nofp\libg_nano.a
LOAD c:/users/alexb/chipwh~1/cw/home/portable/armgcc/bin/../lib/gcc/arm-none-eabi/10.2.1/../../../../arm-none-eabi/lib/thumb/v6-m/nofp\libc_nano.a
END GROUP
START GROUP
LOAD c:/users/alexb/chipwh~1/cw/home/portable/armgcc/bin/../lib/gcc/arm-none-eabi/10.2.1/thumb/v6-m/nofp\libgcc.a
LOAD c:/users/alexb/chipwh~1/cw/home/portable/armgcc/bin/../lib/gcc/arm-none-eabi/10.2.1/../../../../arm-none-eabi/lib/thumb/v6-m/nofp\libc_nano.a
LOAD c:/users/alexb/chipwh~1/cw/home/portable/armgcc/bin/../lib/gcc/arm-none-eabi/10.2.1/../../../../arm-none-eabi/lib/thumb/v6-m/nofp\libnosys.a
END GROUP
START GROUP
LOAD c:/users/alexb/chipwh~1/cw/home/portable/armgcc/bin/../lib/gcc/arm-none-eabi/10.2.1/thumb/v6-m/nofp\libgcc.a
LOAD c:/users/alexb/chipwh~1/cw/home/portable/armgcc/bin/../lib/gcc/arm-none-eabi/10.2.1/../../../../arm-none-eabi/lib/thumb/v6-m/nofp\libc_nano.a
LOAD c:/users/alexb/chipwh~1/cw/home/portable/armgcc/bin/../lib/gcc/arm-none-eabi/10.2.1/../../../../arm-none-eabi/lib/thumb/v6-m/nofp\libnosys.a
END GROUP
LOAD c:/users/alexb/chipwh~1/cw/home/portable/armgcc/bin/../lib/gcc/arm-none-eabi/10.2.1/thumb/v6-m/nofp/crtend.o
LOAD c:/users/alexb/chipwh~1/cw/home/portable/armgcc/bin/../lib/gcc/arm-none-eabi/10.2.1/thumb/v6-m/nofp/crtn.o
                0x20001000                _estack = 0x20001000
                0x00000000                _Min_Heap_Size = 0x0
                0x00000400                _Min_Stack_Size = 0x400

.isr_vector     0x08000000      0x188
                0x08000000                . = ALIGN (0x4)
 *(.isr_vector)
 .isr_vector    0x08000000      0x188 objdir-CWNANO/stm32f0_startup.o
                0x08000000                g_pfnVectors
                0x08000188                . = ALIGN (0x4)

.text           0x08000188     0x31f8
                0x08000188                . = ALIGN (0x4)
 *(.text)
 .text          0x08000188       0x48 c:/users/alexb/chipwh~1/cw/home/portable/armgcc/bin/../lib/gcc/arm-none-eabi/10.2.1/thumb/v6-m/nofp/crtbegin.o
 .text          0x080001d0      0x114 c:/users/alexb/chipwh~1/cw/home/portable/armgcc/bin/../lib/gcc/arm-none-eabi/10.2.1/thumb/v6-m/nofp\libgcc.a(_udivsi3.o)
                0x080001d0                __aeabi_uidiv
                0x080001d0                __udivsi3
                0x080002dc                __aeabi_uidivmod
 .text          0x080002e4        0x4 c:/users/alexb/chipwh~1/cw/home/portable/armgcc/bin/../lib/gcc/arm-none-eabi/10.2.1/thumb/v6-m/nofp\libgcc.a(_dvmd_tls.o)
                0x080002e4                __aeabi_idiv0
                0x080002e4                __aeabi_ldiv0
 .text          0x080002e8       0x14 c:/users/alexb/chipwh~1/cw/home/portable/armgcc/bin/../lib/gcc/arm-none-eabi/10.2.1/thumb/v6-m/nofp\libgcc.a(_thumb1_case_shi.o)
                0x080002e8                __gnu_thumb1_case_shi
 .text          0x080002fc       0x5c c:/users/alexb/chipwh~1/cw/home/portable/armgcc/bin/../lib/gcc/arm-none-eabi/10.2.1/thumb/v6-m/nofp\libgcc.a(_muldi3.o)
                0x080002fc                __muldi3
                0x080002fc                __aeabi_lmul
 *(.text*)
 .text.encrypt  0x08000358      0x158 objdir-CWNANO/simpleserial-base.o
                0x08000358                encrypt
 .text.aes      0x080004b0       0xb4 objdir-CWNANO/simpleserial-base.o
                0x080004b0                aes
 .text.startup.main
                0x08000564       0x28 objdir-CWNANO/simpleserial-base.o
                0x08000564                main
 .text.ExpandKey
                0x0800058c      0x138 objdir-CWNANO/AES_128.o
                0x0800058c                ExpandKey
 .text.AddRoundKey
                0x080006c4       0x84 objdir-CWNANO/AES_128.o
                0x080006c4                AddRoundKey
 .text.AddMatrices
                0x08000748       0x84 objdir-CWNANO/AES_128.o
                0x08000748                AddMatrices
 .text.SubBytes
                0x080007cc       0x68 objdir-CWNANO/AES_128.o
                0x080007cc                SubBytes
 .text.ShiftRows
                0x08000834       0x34 objdir-CWNANO/AES_128.o
                0x08000834                ShiftRows
 .text.MixColumns
                0x08000868      0x20c objdir-CWNANO/AES_128.o
                0x08000868                MixColumns
 .text.simpleserial_put.constprop.0
                0x08000a74      0x2b4 objdir-CWNANO/simpleserial.o
 .text.check_version
                0x08000d28       0x18 objdir-CWNANO/simpleserial.o
                0x08000d28                check_version
 .text.simpleserial_init
                0x08000d40       0x68 objdir-CWNANO/simpleserial.o
                0x08000d40                simpleserial_init
 .text.simpleserial_addcmd
                0x08000da8       0x44 objdir-CWNANO/simpleserial.o
                0x08000da8                simpleserial_addcmd
 .text.simpleserial_get
                0x08000dec      0x20c objdir-CWNANO/simpleserial.o
                0x08000dec                simpleserial_get
 .text.simpleserial_put
                0x08000ff8      0x16c objdir-CWNANO/simpleserial.o
                0x08000ff8                simpleserial_put
 .text.ss_get_commands
                0x08001164       0x44 objdir-CWNANO/simpleserial.o
                0x08001164                ss_get_commands
 .text.platform_init
                0x080011a8       0x64 objdir-CWNANO/stm32f0_hal_nano.o
                0x080011a8                platform_init
 .text.init_uart
                0x0800120c       0x84 objdir-CWNANO/stm32f0_hal_nano.o
                0x0800120c                init_uart
 .text.trigger_setup
                0x08001290       0x84 objdir-CWNANO/stm32f0_hal_nano.o
                0x08001290                trigger_setup
 .text.trigger_high
                0x08001314       0x10 objdir-CWNANO/stm32f0_hal_nano.o
                0x08001314                trigger_high
 .text.trigger_low
                0x08001324       0x10 objdir-CWNANO/stm32f0_hal_nano.o
                0x08001324                trigger_low
 .text.getch    0x08001334       0x34 objdir-CWNANO/stm32f0_hal_nano.o
                0x08001334                getch
 .text.putch    0x08001368       0x20 objdir-CWNANO/stm32f0_hal_nano.o
                0x08001368                putch
 .text.HAL_RCC_OscConfig
                0x08001388      0x510 objdir-CWNANO/stm32f0_hal_lowlevel.o
                0x08001388                HAL_RCC_OscConfig
 .text.HAL_RCC_ClockConfig
                0x08001898      0x17c objdir-CWNANO/stm32f0_hal_lowlevel.o
                0x08001898                HAL_RCC_ClockConfig
 .text.HAL_GPIO_Init
                0x08001a14      0x1ec objdir-CWNANO/stm32f0_hal_lowlevel.o
                0x08001a14                HAL_GPIO_Init
 .text.HAL_GPIO_WritePin
                0x08001c00        0xc objdir-CWNANO/stm32f0_hal_lowlevel.o
                0x08001c00                HAL_GPIO_WritePin
 .text.HAL_UART_Init
                0x08001c0c      0x15c objdir-CWNANO/stm32f0_hal_lowlevel.o
                0x08001c0c                HAL_UART_Init
 .text.HAL_UART_Receive
                0x08001d68      0x1c8 objdir-CWNANO/stm32f0_hal_lowlevel.o
                0x08001d68                HAL_UART_Receive
 .text.HAL_UART_Transmit
                0x08001f30      0x180 objdir-CWNANO/stm32f0_hal_lowlevel.o
                0x08001f30                HAL_UART_Transmit
 .text.Reset_Handler
                0x080020b0       0x48 objdir-CWNANO/stm32f0_startup.o
                0x080020b0                Reset_Handler
 .text.Default_Handler
                0x080020f8        0x2 objdir-CWNANO/stm32f0_startup.o
                0x080020f8                DebugMon_Handler
                0x080020f8                HardFault_Handler
                0x080020f8                SysTick_Handler
                0x080020f8                PendSV_Handler
                0x080020f8                NMI_Handler
                0x080020f8                UsageFault_Handler
                0x080020f8                Default_Handler
                0x080020f8                MemManage_Handler
                0x080020f8                SVC_Handler
                0x080020f8                BusFault_Handler
 *fill*         0x080020fa        0x2 
 .text.__libc_init_array
                0x080020fc       0x48 c:/users/alexb/chipwh~1/cw/home/portable/armgcc/bin/../lib/gcc/arm-none-eabi/10.2.1/../../../../arm-none-eabi/lib/thumb/v6-m/nofp\libg_nano.a(lib_a-init.o)
                0x080020fc                __libc_init_array
 .text.memcpy   0x08002144       0x12 c:/users/alexb/chipwh~1/cw/home/portable/armgcc/bin/../lib/gcc/arm-none-eabi/10.2.1/../../../../arm-none-eabi/lib/thumb/v6-m/nofp\libg_nano.a(lib_a-memcpy-stub.o)
                0x08002144                memcpy
 .text.memset   0x08002156       0x10 c:/users/alexb/chipwh~1/cw/home/portable/armgcc/bin/../lib/gcc/arm-none-eabi/10.2.1/../../../../arm-none-eabi/lib/thumb/v6-m/nofp\libg_nano.a(lib_a-memset.o)
                0x08002156                memset
 *fill*         0x08002166        0x2 
 .text.srand    0x08002168       0x60 c:/users/alexb/chipwh~1/cw/home/portable/armgcc/bin/../lib/gcc/arm-none-eabi/10.2.1/../../../../arm-none-eabi/lib/thumb/v6-m/nofp\libg_nano.a(lib_a-rand.o)
                0x08002168                srand
 .text.rand     0x080021c8       0x7c c:/users/alexb/chipwh~1/cw/home/portable/armgcc/bin/../lib/gcc/arm-none-eabi/10.2.1/../../../../arm-none-eabi/lib/thumb/v6-m/nofp\libg_nano.a(lib_a-rand.o)
                0x080021c8                rand
 .text.time     0x08002244       0x34 c:/users/alexb/chipwh~1/cw/home/portable/armgcc/bin/../lib/gcc/arm-none-eabi/10.2.1/../../../../arm-none-eabi/lib/thumb/v6-m/nofp\libg_nano.a(lib_a-time.o)
                0x08002244                time
 .text.__assert_func
                0x08002278       0x3c c:/users/alexb/chipwh~1/cw/home/portable/armgcc/bin/../lib/gcc/arm-none-eabi/10.2.1/../../../../arm-none-eabi/lib/thumb/v6-m/nofp\libg_nano.a(lib_a-assert.o)
                0x08002278                __assert_func
 .text.fprintf  0x080022b4       0x20 c:/users/alexb/chipwh~1/cw/home/portable/armgcc/bin/../lib/gcc/arm-none-eabi/10.2.1/../../../../arm-none-eabi/lib/thumb/v6-m/nofp\libg_nano.a(lib_a-fprintf.o)
                0x080022b4                fiprintf
                0x080022b4                fprintf
 .text._gettimeofday_r
                0x080022d4       0x24 c:/users/alexb/chipwh~1/cw/home/portable/armgcc/bin/../lib/gcc/arm-none-eabi/10.2.1/../../../../arm-none-eabi/lib/thumb/v6-m/nofp\libg_nano.a(lib_a-gettimeofdayr.o)
                0x080022d4                _gettimeofday_r
 .text.malloc   0x080022f8       0x14 c:/users/alexb/chipwh~1/cw/home/portable/armgcc/bin/../lib/gcc/arm-none-eabi/10.2.1/../../../../arm-none-eabi/lib/thumb/v6-m/nofp\libg_nano.a(lib_a-malloc.o)
                0x080022f8                malloc
 .text._free_r  0x0800230c       0x94 c:/users/alexb/chipwh~1/cw/home/portable/armgcc/bin/../lib/gcc/arm-none-eabi/10.2.1/../../../../arm-none-eabi/lib/thumb/v6-m/nofp\libg_nano.a(lib_a-nano-freer.o)
                0x0800230c                _free_r
 .text._malloc_r
                0x080023a0       0xbc c:/users/alexb/chipwh~1/cw/home/portable/armgcc/bin/../lib/gcc/arm-none-eabi/10.2.1/../../../../arm-none-eabi/lib/thumb/v6-m/nofp\libg_nano.a(lib_a-nano-mallocr.o)
                0x080023a0                _malloc_r
 .text.__sfputc_r
                0x0800245c       0x2a c:/users/alexb/chipwh~1/cw/home/portable/armgcc/bin/../lib/gcc/arm-none-eabi/10.2.1/../../../../arm-none-eabi/lib/thumb/v6-m/nofp\libg_nano.a(lib_a-nano-vfprintf.o)
 .text.__sfputs_r
                0x08002486       0x24 c:/users/alexb/chipwh~1/cw/home/portable/armgcc/bin/../lib/gcc/arm-none-eabi/10.2.1/../../../../arm-none-eabi/lib/thumb/v6-m/nofp\libg_nano.a(lib_a-nano-vfprintf.o)
                0x08002486                __sfputs_r
 *fill*         0x080024aa        0x2 
 .text._vfprintf_r
                0x080024ac      0x274 c:/users/alexb/chipwh~1/cw/home/portable/armgcc/bin/../lib/gcc/arm-none-eabi/10.2.1/../../../../arm-none-eabi/lib/thumb/v6-m/nofp\libg_nano.a(lib_a-nano-vfprintf.o)
                0x080024ac                _vfprintf_r
                0x080024ac                _vfiprintf_r
 .text._printf_common
                0x08002720       0xde c:/users/alexb/chipwh~1/cw/home/portable/armgcc/bin/../lib/gcc/arm-none-eabi/10.2.1/../../../../arm-none-eabi/lib/thumb/v6-m/nofp\libg_nano.a(lib_a-nano-vfprintf_i.o)
                0x08002720                _printf_common
 *fill*         0x080027fe        0x2 
 .text._printf_i
                0x08002800      0x224 c:/users/alexb/chipwh~1/cw/home/portable/armgcc/bin/../lib/gcc/arm-none-eabi/10.2.1/../../../../arm-none-eabi/lib/thumb/v6-m/nofp\libg_nano.a(lib_a-nano-vfprintf_i.o)
                0x08002800                _printf_i
 .text._sbrk_r  0x08002a24       0x24 c:/users/alexb/chipwh~1/cw/home/portable/armgcc/bin/../lib/gcc/arm-none-eabi/10.2.1/../../../../arm-none-eabi/lib/thumb/v6-m/nofp\libg_nano.a(lib_a-sbrkr.o)
                0x08002a24                _sbrk_r
 .text.__swbuf_r
                0x08002a48       0xac c:/users/alexb/chipwh~1/cw/home/portable/armgcc/bin/../lib/gcc/arm-none-eabi/10.2.1/../../../../arm-none-eabi/lib/thumb/v6-m/nofp\libg_nano.a(lib_a-wbuf.o)
                0x08002a48                __swbuf_r
 .text.__swsetup_r
                0x08002af4       0xf0 c:/users/alexb/chipwh~1/cw/home/portable/armgcc/bin/../lib/gcc/arm-none-eabi/10.2.1/../../../../arm-none-eabi/lib/thumb/v6-m/nofp\libg_nano.a(lib_a-wsetup.o)
                0x08002af4                __swsetup_r
 .text.abort    0x08002be4        0xe c:/users/alexb/chipwh~1/cw/home/portable/armgcc/bin/../lib/gcc/arm-none-eabi/10.2.1/../../../../arm-none-eabi/lib/thumb/v6-m/nofp\libg_nano.a(lib_a-abort.o)
                0x08002be4                abort
 *fill*         0x08002bf2        0x2 
 .text.__sflush_r
                0x08002bf4      0x118 c:/users/alexb/chipwh~1/cw/home/portable/armgcc/bin/../lib/gcc/arm-none-eabi/10.2.1/../../../../arm-none-eabi/lib/thumb/v6-m/nofp\libg_nano.a(lib_a-fflush.o)
                0x08002bf4                __sflush_r
 .text._fflush_r
                0x08002d0c       0x80 c:/users/alexb/chipwh~1/cw/home/portable/armgcc/bin/../lib/gcc/arm-none-eabi/10.2.1/../../../../arm-none-eabi/lib/thumb/v6-m/nofp\libg_nano.a(lib_a-fflush.o)
                0x08002d0c                _fflush_r
 .text.std      0x08002d8c       0x48 c:/users/alexb/chipwh~1/cw/home/portable/armgcc/bin/../lib/gcc/arm-none-eabi/10.2.1/../../../../arm-none-eabi/lib/thumb/v6-m/nofp\libg_nano.a(lib_a-findfp.o)
 .text._cleanup_r
                0x08002dd4       0x10 c:/users/alexb/chipwh~1/cw/home/portable/armgcc/bin/../lib/gcc/arm-none-eabi/10.2.1/../../../../arm-none-eabi/lib/thumb/v6-m/nofp\libg_nano.a(lib_a-findfp.o)
                0x08002dd4                _cleanup_r
 .text.__sfmoreglue
                0x08002de4       0x2c c:/users/alexb/chipwh~1/cw/home/portable/armgcc/bin/../lib/gcc/arm-none-eabi/10.2.1/../../../../arm-none-eabi/lib/thumb/v6-m/nofp\libg_nano.a(lib_a-findfp.o)
                0x08002de4                __sfmoreglue
 .text.__sfp_lock_acquire
                0x08002e10       0x10 c:/users/alexb/chipwh~1/cw/home/portable/armgcc/bin/../lib/gcc/arm-none-eabi/10.2.1/../../../../arm-none-eabi/lib/thumb/v6-m/nofp\libg_nano.a(lib_a-findfp.o)
                0x08002e10                __sfp_lock_acquire
 .text.__sfp_lock_release
                0x08002e20       0x10 c:/users/alexb/chipwh~1/cw/home/portable/armgcc/bin/../lib/gcc/arm-none-eabi/10.2.1/../../../../arm-none-eabi/lib/thumb/v6-m/nofp\libg_nano.a(lib_a-findfp.o)
                0x08002e20                __sfp_lock_release
 .text.__sinit_lock_acquire
                0x08002e30       0x10 c:/users/alexb/chipwh~1/cw/home/portable/armgcc/bin/../lib/gcc/arm-none-eabi/10.2.1/../../../../arm-none-eabi/lib/thumb/v6-m/nofp\libg_nano.a(lib_a-findfp.o)
                0x08002e30                __sinit_lock_acquire
 .text.__sinit_lock_release
                0x08002e40       0x10 c:/users/alexb/chipwh~1/cw/home/portable/armgcc/bin/../lib/gcc/arm-none-eabi/10.2.1/../../../../arm-none-eabi/lib/thumb/v6-m/nofp\libg_nano.a(lib_a-findfp.o)
                0x08002e40                __sinit_lock_release
 .text.__sinit  0x08002e50       0x70 c:/users/alexb/chipwh~1/cw/home/portable/armgcc/bin/../lib/gcc/arm-none-eabi/10.2.1/../../../../arm-none-eabi/lib/thumb/v6-m/nofp\libg_nano.a(lib_a-findfp.o)
                0x08002e50                __sinit
 .text.__sfp    0x08002ec0       0x90 c:/users/alexb/chipwh~1/cw/home/portable/armgcc/bin/../lib/gcc/arm-none-eabi/10.2.1/../../../../arm-none-eabi/lib/thumb/v6-m/nofp\libg_nano.a(lib_a-findfp.o)
                0x08002ec0                __sfp
 .text._fwalk_reent
                0x08002f50       0x40 c:/users/alexb/chipwh~1/cw/home/portable/armgcc/bin/../lib/gcc/arm-none-eabi/10.2.1/../../../../arm-none-eabi/lib/thumb/v6-m/nofp\libg_nano.a(lib_a-fwalk.o)
                0x08002f50                _fwalk_reent
 .text.__retarget_lock_init_recursive
                0x08002f90        0x2 c:/users/alexb/chipwh~1/cw/home/portable/armgcc/bin/../lib/gcc/arm-none-eabi/10.2.1/../../../../arm-none-eabi/lib/thumb/v6-m/nofp\libg_nano.a(lib_a-lock.o)
                0x08002f90                __retarget_lock_init_recursive
 .text.__retarget_lock_acquire_recursive
                0x08002f92        0x2 c:/users/alexb/chipwh~1/cw/home/portable/armgcc/bin/../lib/gcc/arm-none-eabi/10.2.1/../../../../arm-none-eabi/lib/thumb/v6-m/nofp\libg_nano.a(lib_a-lock.o)
                0x08002f92                __retarget_lock_acquire_recursive
 .text.__retarget_lock_release_recursive
                0x08002f94        0x2 c:/users/alexb/chipwh~1/cw/home/portable/armgcc/bin/../lib/gcc/arm-none-eabi/10.2.1/../../../../arm-none-eabi/lib/thumb/v6-m/nofp\libg_nano.a(lib_a-lock.o)
                0x08002f94                __retarget_lock_release_recursive
 *fill*         0x08002f96        0x2 
 .text.__swhatbuf_r
                0x08002f98       0x50 c:/users/alexb/chipwh~1/cw/home/portable/armgcc/bin/../lib/gcc/arm-none-eabi/10.2.1/../../../../arm-none-eabi/lib/thumb/v6-m/nofp\libg_nano.a(lib_a-makebuf.o)
                0x08002f98                __swhatbuf_r
 .text.__smakebuf_r
                0x08002fe8       0x88 c:/users/alexb/chipwh~1/cw/home/portable/armgcc/bin/../lib/gcc/arm-none-eabi/10.2.1/../../../../arm-none-eabi/lib/thumb/v6-m/nofp\libg_nano.a(lib_a-makebuf.o)
                0x08002fe8                __smakebuf_r
 .text.memchr   0x08003070       0x16 c:/users/alexb/chipwh~1/cw/home/portable/armgcc/bin/../lib/gcc/arm-none-eabi/10.2.1/../../../../arm-none-eabi/lib/thumb/v6-m/nofp\libg_nano.a(lib_a-memchr-stub.o)
                0x08003070                memchr
 *fill*         0x08003086        0x2 
 .text.__malloc_lock
                0x08003088       0x10 c:/users/alexb/chipwh~1/cw/home/portable/armgcc/bin/../lib/gcc/arm-none-eabi/10.2.1/../../../../arm-none-eabi/lib/thumb/v6-m/nofp\libg_nano.a(lib_a-mlock.o)
                0x08003088                __malloc_lock
 .text.__malloc_unlock
                0x08003098       0x10 c:/users/alexb/chipwh~1/cw/home/portable/armgcc/bin/../lib/gcc/arm-none-eabi/10.2.1/../../../../arm-none-eabi/lib/thumb/v6-m/nofp\libg_nano.a(lib_a-mlock.o)
                0x08003098                __malloc_unlock
 .text._raise_r
                0x080030a8       0x54 c:/users/alexb/chipwh~1/cw/home/portable/armgcc/bin/../lib/gcc/arm-none-eabi/10.2.1/../../../../arm-none-eabi/lib/thumb/v6-m/nofp\libg_nano.a(lib_a-signal.o)
                0x080030a8                _raise_r
 .text.raise    0x080030fc       0x14 c:/users/alexb/chipwh~1/cw/home/portable/armgcc/bin/../lib/gcc/arm-none-eabi/10.2.1/../../../../arm-none-eabi/lib/thumb/v6-m/nofp\libg_nano.a(lib_a-signal.o)
                0x080030fc                raise
 .text._kill_r  0x08003110       0x24 c:/users/alexb/chipwh~1/cw/home/portable/armgcc/bin/../lib/gcc/arm-none-eabi/10.2.1/../../../../arm-none-eabi/lib/thumb/v6-m/nofp\libg_nano.a(lib_a-signalr.o)
                0x08003110                _kill_r
 .text._getpid_r
                0x08003134        0x8 c:/users/alexb/chipwh~1/cw/home/portable/armgcc/bin/../lib/gcc/arm-none-eabi/10.2.1/../../../../arm-none-eabi/lib/thumb/v6-m/nofp\libg_nano.a(lib_a-signalr.o)
                0x08003134                _getpid_r
 .text.__sread  0x0800313c       0x28 c:/users/alexb/chipwh~1/cw/home/portable/armgcc/bin/../lib/gcc/arm-none-eabi/10.2.1/../../../../arm-none-eabi/lib/thumb/v6-m/nofp\libg_nano.a(lib_a-stdio.o)
                0x0800313c                __sread
 .text.__swrite
                0x08003164       0x38 c:/users/alexb/chipwh~1/cw/home/portable/armgcc/bin/../lib/gcc/arm-none-eabi/10.2.1/../../../../arm-none-eabi/lib/thumb/v6-m/nofp\libg_nano.a(lib_a-stdio.o)
                0x08003164                __swrite
 .text.__sseek  0x0800319c       0x2c c:/users/alexb/chipwh~1/cw/home/portable/armgcc/bin/../lib/gcc/arm-none-eabi/10.2.1/../../../../arm-none-eabi/lib/thumb/v6-m/nofp\libg_nano.a(lib_a-stdio.o)
                0x0800319c                __sseek
 .text.__sclose
                0x080031c8        0xc c:/users/alexb/chipwh~1/cw/home/portable/armgcc/bin/../lib/gcc/arm-none-eabi/10.2.1/../../../../arm-none-eabi/lib/thumb/v6-m/nofp\libg_nano.a(lib_a-stdio.o)
                0x080031c8                __sclose
 .text._write_r
                0x080031d4       0x28 c:/users/alexb/chipwh~1/cw/home/portable/armgcc/bin/../lib/gcc/arm-none-eabi/10.2.1/../../../../arm-none-eabi/lib/thumb/v6-m/nofp\libg_nano.a(lib_a-writer.o)
                0x080031d4                _write_r
 .text._close_r
                0x080031fc       0x24 c:/users/alexb/chipwh~1/cw/home/portable/armgcc/bin/../lib/gcc/arm-none-eabi/10.2.1/../../../../arm-none-eabi/lib/thumb/v6-m/nofp\libg_nano.a(lib_a-closer.o)
                0x080031fc                _close_r
 .text._fstat_r
                0x08003220       0x24 c:/users/alexb/chipwh~1/cw/home/portable/armgcc/bin/../lib/gcc/arm-none-eabi/10.2.1/../../../../arm-none-eabi/lib/thumb/v6-m/nofp\libg_nano.a(lib_a-fstatr.o)
                0x08003220                _fstat_r
 .text._isatty_r
                0x08003244       0x24 c:/users/alexb/chipwh~1/cw/home/portable/armgcc/bin/../lib/gcc/arm-none-eabi/10.2.1/../../../../arm-none-eabi/lib/thumb/v6-m/nofp\libg_nano.a(lib_a-isattyr.o)
                0x08003244                _isatty_r
 .text._lseek_r
                0x08003268       0x28 c:/users/alexb/chipwh~1/cw/home/portable/armgcc/bin/../lib/gcc/arm-none-eabi/10.2.1/../../../../arm-none-eabi/lib/thumb/v6-m/nofp\libg_nano.a(lib_a-lseekr.o)
                0x08003268                _lseek_r
 .text._read_r  0x08003290       0x28 c:/users/alexb/chipwh~1/cw/home/portable/armgcc/bin/../lib/gcc/arm-none-eabi/10.2.1/../../../../arm-none-eabi/lib/thumb/v6-m/nofp\libg_nano.a(lib_a-readr.o)
                0x08003290                _read_r
 .text._close   0x080032b8       0x10 c:/users/alexb/chipwh~1/cw/home/portable/armgcc/bin/../lib/gcc/arm-none-eabi/10.2.1/../../../../arm-none-eabi/lib/thumb/v6-m/nofp\libnosys.a(close.o)
                0x080032b8                _close
 .text._fstat   0x080032c8       0x10 c:/users/alexb/chipwh~1/cw/home/portable/armgcc/bin/../lib/gcc/arm-none-eabi/10.2.1/../../../../arm-none-eabi/lib/thumb/v6-m/nofp\libnosys.a(fstat.o)
                0x080032c8                _fstat
 .text._getpid  0x080032d8       0x10 c:/users/alexb/chipwh~1/cw/home/portable/armgcc/bin/../lib/gcc/arm-none-eabi/10.2.1/../../../../arm-none-eabi/lib/thumb/v6-m/nofp\libnosys.a(getpid.o)
                0x080032d8                _getpid
 .text._gettimeofday
                0x080032e8       0x10 c:/users/alexb/chipwh~1/cw/home/portable/armgcc/bin/../lib/gcc/arm-none-eabi/10.2.1/../../../../arm-none-eabi/lib/thumb/v6-m/nofp\libnosys.a(gettod.o)
                0x080032e8                _gettimeofday
 .text._isatty  0x080032f8       0x10 c:/users/alexb/chipwh~1/cw/home/portable/armgcc/bin/../lib/gcc/arm-none-eabi/10.2.1/../../../../arm-none-eabi/lib/thumb/v6-m/nofp\libnosys.a(isatty.o)
                0x080032f8                _isatty
 .text._kill    0x08003308       0x10 c:/users/alexb/chipwh~1/cw/home/portable/armgcc/bin/../lib/gcc/arm-none-eabi/10.2.1/../../../../arm-none-eabi/lib/thumb/v6-m/nofp\libnosys.a(kill.o)
                0x08003308                _kill
 .text._lseek   0x08003318       0x10 c:/users/alexb/chipwh~1/cw/home/portable/armgcc/bin/../lib/gcc/arm-none-eabi/10.2.1/../../../../arm-none-eabi/lib/thumb/v6-m/nofp\libnosys.a(lseek.o)
                0x08003318                _lseek
 .text._read    0x08003328       0x10 c:/users/alexb/chipwh~1/cw/home/portable/armgcc/bin/../lib/gcc/arm-none-eabi/10.2.1/../../../../arm-none-eabi/lib/thumb/v6-m/nofp\libnosys.a(read.o)
                0x08003328                _read
 .text._sbrk    0x08003338       0x1c c:/users/alexb/chipwh~1/cw/home/portable/armgcc/bin/../lib/gcc/arm-none-eabi/10.2.1/../../../../arm-none-eabi/lib/thumb/v6-m/nofp\libnosys.a(sbrk.o)
                0x08003338                _sbrk
 .text._write   0x08003354       0x10 c:/users/alexb/chipwh~1/cw/home/portable/armgcc/bin/../lib/gcc/arm-none-eabi/10.2.1/../../../../arm-none-eabi/lib/thumb/v6-m/nofp\libnosys.a(write.o)
                0x08003354                _write
 .text._exit    0x08003364        0x4 c:/users/alexb/chipwh~1/cw/home/portable/armgcc/bin/../lib/gcc/arm-none-eabi/10.2.1/../../../../arm-none-eabi/lib/thumb/v6-m/nofp\libnosys.a(_exit.o)
                0x08003364                _exit
 *(.glue_7)
 .glue_7        0x08003368        0x0 linker stubs
 *(.glue_7t)
 .glue_7t       0x08003368        0x0 linker stubs
 *(.eh_frame)
 .eh_frame      0x08003368        0x0 c:/users/alexb/chipwh~1/cw/home/portable/armgcc/bin/../lib/gcc/arm-none-eabi/10.2.1/thumb/v6-m/nofp/crtbegin.o
 *(.init)
 .init          0x08003368        0x4 c:/users/alexb/chipwh~1/cw/home/portable/armgcc/bin/../lib/gcc/arm-none-eabi/10.2.1/thumb/v6-m/nofp/crti.o
                0x08003368                _init
 .init          0x0800336c        0x8 c:/users/alexb/chipwh~1/cw/home/portable/armgcc/bin/../lib/gcc/arm-none-eabi/10.2.1/thumb/v6-m/nofp/crtn.o
 *(.fini)
 .fini          0x08003374        0x4 c:/users/alexb/chipwh~1/cw/home/portable/armgcc/bin/../lib/gcc/arm-none-eabi/10.2.1/thumb/v6-m/nofp/crti.o
                0x08003374                _fini
 .fini          0x08003378        0x8 c:/users/alexb/chipwh~1/cw/home/portable/armgcc/bin/../lib/gcc/arm-none-eabi/10.2.1/thumb/v6-m/nofp/crtn.o
                0x08003380                . = ALIGN (0x4)
                0x08003380                _etext = .

.vfp11_veneer   0x08003380        0x0
 .vfp11_veneer  0x08003380        0x0 linker stubs

.v4_bx          0x08003380        0x0
 .v4_bx         0x08003380        0x0 linker stubs

.iplt           0x08003380        0x0
 .iplt          0x08003380        0x0 c:/users/alexb/chipwh~1/cw/home/portable/armgcc/bin/../lib/gcc/arm-none-eabi/10.2.1/thumb/v6-m/nofp/crtbegin.o

.rodata         0x08003380      0x478
                0x08003380                . = ALIGN (0x4)
 *(.rodata)
 .rodata        0x08003380      0x30c objdir-CWNANO/AES_128.o
                0x08003380                RCon
                0x0800338c                xTime3
                0x0800348c                xTime2
                0x0800358c                SBox
 .rodata        0x0800368c        0x3 objdir-CWNANO/stm32f0_hal_lowlevel.o
 *(.rodata*)
 *fill*         0x0800368f        0x1 
 .rodata._global_impure_ptr
                0x08003690        0x4 c:/users/alexb/chipwh~1/cw/home/portable/armgcc/bin/../lib/gcc/arm-none-eabi/10.2.1/../../../../arm-none-eabi/lib/thumb/v6-m/nofp\libg_nano.a(lib_a-impure.o)
                0x08003690                _global_impure_ptr
 .rodata.srand.str1.1
                0x08003694       0x94 c:/users/alexb/chipwh~1/cw/home/portable/armgcc/bin/../lib/gcc/arm-none-eabi/10.2.1/../../../../arm-none-eabi/lib/thumb/v6-m/nofp\libg_nano.a(lib_a-rand.o)
 .rodata.__assert_func.str1.1
                0x08003728       0x3c c:/users/alexb/chipwh~1/cw/home/portable/armgcc/bin/../lib/gcc/arm-none-eabi/10.2.1/../../../../arm-none-eabi/lib/thumb/v6-m/nofp\libg_nano.a(lib_a-assert.o)
                                 0x3d (size before relaxing)
 .rodata._vfprintf_r.str1.1
                0x08003764       0x11 c:/users/alexb/chipwh~1/cw/home/portable/armgcc/bin/../lib/gcc/arm-none-eabi/10.2.1/../../../../arm-none-eabi/lib/thumb/v6-m/nofp\libg_nano.a(lib_a-nano-vfprintf.o)
 .rodata._printf_i.str1.1
                0x08003775       0x22 c:/users/alexb/chipwh~1/cw/home/portable/armgcc/bin/../lib/gcc/arm-none-eabi/10.2.1/../../../../arm-none-eabi/lib/thumb/v6-m/nofp\libg_nano.a(lib_a-nano-vfprintf_i.o)
 *fill*         0x08003797        0x1 
 .rodata.__sf_fake_stderr
                0x08003798       0x20 c:/users/alexb/chipwh~1/cw/home/portable/armgcc/bin/../lib/gcc/arm-none-eabi/10.2.1/../../../../arm-none-eabi/lib/thumb/v6-m/nofp\libg_nano.a(lib_a-findfp.o)
                0x08003798                __sf_fake_stderr
 .rodata.__sf_fake_stdin
                0x080037b8       0x20 c:/users/alexb/chipwh~1/cw/home/portable/armgcc/bin/../lib/gcc/arm-none-eabi/10.2.1/../../../../arm-none-eabi/lib/thumb/v6-m/nofp\libg_nano.a(lib_a-findfp.o)
                0x080037b8                __sf_fake_stdin
 .rodata.__sf_fake_stdout
                0x080037d8       0x20 c:/users/alexb/chipwh~1/cw/home/portable/armgcc/bin/../lib/gcc/arm-none-eabi/10.2.1/../../../../arm-none-eabi/lib/thumb/v6-m/nofp\libg_nano.a(lib_a-findfp.o)
                0x080037d8                __sf_fake_stdout
                0x080037f8                . = ALIGN (0x4)

.rel.dyn        0x080037f8        0x0
 .rel.iplt      0x080037f8        0x0 c:/users/alexb/chipwh~1/cw/home/portable/armgcc/bin/../lib/gcc/arm-none-eabi/10.2.1/thumb/v6-m/nofp/crtbegin.o

.ARM.extab      0x080037f8        0x0
                0x080037f8                . = ALIGN (0x4)
 *(.ARM.extab* .gnu.linkonce.armextab.*)
                0x080037f8                . = ALIGN (0x4)

.ARM            0x080037f8        0x0
                0x080037f8                . = ALIGN (0x4)
                0x080037f8                __exidx_start = .
 *(.ARM.exidx*)
                0x080037f8                __exidx_end = .
                0x080037f8                . = ALIGN (0x4)

.preinit_array  0x080037f8        0x0
                0x080037f8                . = ALIGN (0x4)
                0x080037f8                PROVIDE (__preinit_array_start = .)
 *(.preinit_array*)
                0x080037f8                PROVIDE (__preinit_array_end = .)
                0x080037f8                . = ALIGN (0x4)

.init_array     0x080037f8        0x4
                0x080037f8                . = ALIGN (0x4)
                0x080037f8                PROVIDE (__init_array_start = .)
 *(SORT_BY_NAME(.init_array.*))
 *(.init_array*)
 .init_array    0x080037f8        0x4 c:/users/alexb/chipwh~1/cw/home/portable/armgcc/bin/../lib/gcc/arm-none-eabi/10.2.1/thumb/v6-m/nofp/crtbegin.o
                0x080037fc                PROVIDE (__init_array_end = .)
                0x080037fc                . = ALIGN (0x4)

.fini_array     0x080037fc        0x4
                0x080037fc                . = ALIGN (0x4)
                [!provide]                PROVIDE (__fini_array_start = .)
 *(SORT_BY_NAME(.fini_array.*))
 *(.fini_array*)
 .fini_array    0x080037fc        0x4 c:/users/alexb/chipwh~1/cw/home/portable/armgcc/bin/../lib/gcc/arm-none-eabi/10.2.1/thumb/v6-m/nofp/crtbegin.o
                [!provide]                PROVIDE (__fini_array_end = .)
                0x08003800                . = ALIGN (0x4)
                0x08003800                _sidata = LOADADDR (.data)

.data           0x20000000       0x68 load address 0x08003800
                0x20000000                . = ALIGN (0x4)
                0x20000000                _sdata = .
 *(.data)
 .data          0x20000000        0x4 objdir-CWNANO/stm32f0_hal_lowlevel.o
                0x20000000                SystemCoreClock
 *(.data*)
 .data._impure_ptr
                0x20000004        0x4 c:/users/alexb/chipwh~1/cw/home/portable/armgcc/bin/../lib/gcc/arm-none-eabi/10.2.1/../../../../arm-none-eabi/lib/thumb/v6-m/nofp\libg_nano.a(lib_a-impure.o)
                0x20000004                _impure_ptr
 .data.impure_data
                0x20000008       0x60 c:/users/alexb/chipwh~1/cw/home/portable/armgcc/bin/../lib/gcc/arm-none-eabi/10.2.1/../../../../arm-none-eabi/lib/thumb/v6-m/nofp\libg_nano.a(lib_a-impure.o)
                0x20000068                . = ALIGN (0x4)
                0x20000068                _edata = .

.igot.plt       0x20000068        0x0 load address 0x08003868
 .igot.plt      0x20000068        0x0 c:/users/alexb/chipwh~1/cw/home/portable/armgcc/bin/../lib/gcc/arm-none-eabi/10.2.1/thumb/v6-m/nofp/crtbegin.o
                0x20000068                . = ALIGN (0x4)

.bss            0x20000068      0x27c load address 0x08003868
                0x20000068                _sbss = .
                0x20000068                __bss_start__ = _sbss
 *(.bss)
 .bss           0x20000068       0x1c c:/users/alexb/chipwh~1/cw/home/portable/armgcc/bin/../lib/gcc/arm-none-eabi/10.2.1/thumb/v6-m/nofp/crtbegin.o
 .bss           0x20000084      0x114 objdir-CWNANO/simpleserial-base.o
                0x20000084                Key
                0x20000094                Mask_Matrix
                0x200000a4                ST_Matrix
                0x200000b4                PlainText
                0x200000c4                StateArray
                0x200000d4                S_Matrix
                0x200000e4                key_entered
                0x200000e8                ExpandedKey
 .bss           0x20000198       0xc4 objdir-CWNANO/simpleserial.o
 .bss           0x2000025c       0x70 objdir-CWNANO/stm32f0_hal_nano.o
                0x2000025c                UartHandle
 .bss           0x200002cc        0x4 objdir-CWNANO/stm32f0_hal_lowlevel.o
 *(.bss*)
 .bss.__malloc_free_list
                0x200002d0        0x4 c:/users/alexb/chipwh~1/cw/home/portable/armgcc/bin/../lib/gcc/arm-none-eabi/10.2.1/../../../../arm-none-eabi/lib/thumb/v6-m/nofp\libg_nano.a(lib_a-nano-mallocr.o)
                0x200002d0                __malloc_free_list
 .bss.__malloc_sbrk_start
                0x200002d4        0x4 c:/users/alexb/chipwh~1/cw/home/portable/armgcc/bin/../lib/gcc/arm-none-eabi/10.2.1/../../../../arm-none-eabi/lib/thumb/v6-m/nofp\libg_nano.a(lib_a-nano-mallocr.o)
                0x200002d4                __malloc_sbrk_start
 .bss.errno     0x200002d8        0x4 c:/users/alexb/chipwh~1/cw/home/portable/armgcc/bin/../lib/gcc/arm-none-eabi/10.2.1/../../../../arm-none-eabi/lib/thumb/v6-m/nofp\libg_nano.a(lib_a-reent.o)
                0x200002d8                errno
 .bss.__lock___malloc_recursive_mutex
                0x200002dc        0x1 c:/users/alexb/chipwh~1/cw/home/portable/armgcc/bin/../lib/gcc/arm-none-eabi/10.2.1/../../../../arm-none-eabi/lib/thumb/v6-m/nofp\libg_nano.a(lib_a-lock.o)
                0x200002dc                __lock___malloc_recursive_mutex
 .bss.__lock___sfp_recursive_mutex
                0x200002dd        0x1 c:/users/alexb/chipwh~1/cw/home/portable/armgcc/bin/../lib/gcc/arm-none-eabi/10.2.1/../../../../arm-none-eabi/lib/thumb/v6-m/nofp\libg_nano.a(lib_a-lock.o)
                0x200002dd                __lock___sfp_recursive_mutex
 .bss.__lock___sinit_recursive_mutex
                0x200002de        0x1 c:/users/alexb/chipwh~1/cw/home/portable/armgcc/bin/../lib/gcc/arm-none-eabi/10.2.1/../../../../arm-none-eabi/lib/thumb/v6-m/nofp\libg_nano.a(lib_a-lock.o)
                0x200002de                __lock___sinit_recursive_mutex
 *fill*         0x200002df        0x1 
 .bss.heap_end.0
                0x200002e0        0x4 c:/users/alexb/chipwh~1/cw/home/portable/armgcc/bin/../lib/gcc/arm-none-eabi/10.2.1/../../../../arm-none-eabi/lib/thumb/v6-m/nofp\libnosys.a(sbrk.o)
 *(COMMON)
                0x200002e4                . = ALIGN (0x4)
                0x200002e4                _ebss = .
                0x200002e4                __bss_end__ = _ebss

._user_heap_stack
                0x200002e4      0x404 load address 0x08003868
                0x200002e8                . = ALIGN (0x8)
 *fill*         0x200002e4        0x4 
                0x200002e8                PROVIDE (end = .)
                [!provide]                PROVIDE (_end = .)
                0x200002e8                . = (. + _Min_Heap_Size)
                0x200006e8                . = (. + _Min_Stack_Size)
 *fill*         0x200002e8      0x400 
                0x200006e8                . = ALIGN (0x8)

/DISCARD/
 libc.a(*)
 libm.a(*)
 libgcc.a(*)

.ARM.attributes
                0x00000000       0x28
 *(.ARM.attributes)
 .ARM.attributes
                0x00000000       0x1e c:/users/alexb/chipwh~1/cw/home/portable/armgcc/bin/../lib/gcc/arm-none-eabi/10.2.1/thumb/v6-m/nofp/crti.o
 .ARM.attributes
                0x0000001e       0x2c c:/users/alexb/chipwh~1/cw/home/portable/armgcc/bin/../lib/gcc/arm-none-eabi/10.2.1/thumb/v6-m/nofp/crtbegin.o
 .ARM.attributes
                0x0000004a       0x2c objdir-CWNANO/simpleserial-base.o
 .ARM.attributes
                0x00000076       0x2c objdir-CWNANO/AES_128.o
 .ARM.attributes
                0x000000a2       0x2c objdir-CWNANO/simpleserial.o
 .ARM.attributes
                0x000000ce       0x2c objdir-CWNANO/stm32f0_hal_nano.o
 .ARM.attributes
                0x000000fa       0x2c objdir-CWNANO/stm32f0_hal_lowlevel.o
 .ARM.attributes
                0x00000126       0x21 objdir-CWNANO/stm32f0_startup.o
 .ARM.attributes
                0x00000147       0x1e c:/users/alexb/chipwh~1/cw/home/portable/armgcc/bin/../lib/gcc/arm-none-eabi/10.2.1/thumb/v6-m/nofp\libgcc.a(_udivsi3.o)
 .ARM.attributes
                0x00000165       0x1e c:/users/alexb/chipwh~1/cw/home/portable/armgcc/bin/../lib/gcc/arm-none-eabi/10.2.1/thumb/v6-m/nofp\libgcc.a(_dvmd_tls.o)
 .ARM.attributes
                0x00000183       0x2c c:/users/alexb/chipwh~1/cw/home/portable/armgcc/bin/../lib/gcc/arm-none-eabi/10.2.1/../../../../arm-none-eabi/lib/thumb/v6-m/nofp\libg_nano.a(lib_a-impure.o)
 .ARM.attributes
                0x000001af       0x2c c:/users/alexb/chipwh~1/cw/home/portable/armgcc/bin/../lib/gcc/arm-none-eabi/10.2.1/../../../../arm-none-eabi/lib/thumb/v6-m/nofp\libg_nano.a(lib_a-init.o)
 .ARM.attributes
                0x000001db       0x2c c:/users/alexb/chipwh~1/cw/home/portable/armgcc/bin/../lib/gcc/arm-none-eabi/10.2.1/../../../../arm-none-eabi/lib/thumb/v6-m/nofp\libg_nano.a(lib_a-memcpy-stub.o)
 .ARM.attributes
                0x00000207       0x2c c:/users/alexb/chipwh~1/cw/home/portable/armgcc/bin/../lib/gcc/arm-none-eabi/10.2.1/../../../../arm-none-eabi/lib/thumb/v6-m/nofp\libg_nano.a(lib_a-memset.o)
 .ARM.attributes
                0x00000233       0x2c c:/users/alexb/chipwh~1/cw/home/portable/armgcc/bin/../lib/gcc/arm-none-eabi/10.2.1/../../../../arm-none-eabi/lib/thumb/v6-m/nofp\libg_nano.a(lib_a-rand.o)
 .ARM.attributes
                0x0000025f       0x2c c:/users/alexb/chipwh~1/cw/home/portable/armgcc/bin/../lib/gcc/arm-none-eabi/10.2.1/../../../../arm-none-eabi/lib/thumb/v6-m/nofp\libg_nano.a(lib_a-time.o)
 .ARM.attributes
                0x0000028b       0x2c c:/users/alexb/chipwh~1/cw/home/portable/armgcc/bin/../lib/gcc/arm-none-eabi/10.2.1/../../../../arm-none-eabi/lib/thumb/v6-m/nofp\libg_nano.a(lib_a-assert.o)
 .ARM.attributes
                0x000002b7       0x2c c:/users/alexb/chipwh~1/cw/home/portable/armgcc/bin/../lib/gcc/arm-none-eabi/10.2.1/../../../../arm-none-eabi/lib/thumb/v6-m/nofp\libg_nano.a(lib_a-fprintf.o)
 .ARM.attributes
                0x000002e3       0x2c c:/users/alexb/chipwh~1/cw/home/portable/armgcc/bin/../lib/gcc/arm-none-eabi/10.2.1/../../../../arm-none-eabi/lib/thumb/v6-m/nofp\libg_nano.a(lib_a-gettimeofdayr.o)
 .ARM.attributes
                0x0000030f       0x2c c:/users/alexb/chipwh~1/cw/home/portable/armgcc/bin/../lib/gcc/arm-none-eabi/10.2.1/../../../../arm-none-eabi/lib/thumb/v6-m/nofp\libg_nano.a(lib_a-malloc.o)
 .ARM.attributes
                0x0000033b       0x2c c:/users/alexb/chipwh~1/cw/home/portable/armgcc/bin/../lib/gcc/arm-none-eabi/10.2.1/../../../../arm-none-eabi/lib/thumb/v6-m/nofp\libg_nano.a(lib_a-nano-freer.o)
 .ARM.attributes
                0x00000367       0x2c c:/users/alexb/chipwh~1/cw/home/portable/armgcc/bin/../lib/gcc/arm-none-eabi/10.2.1/../../../../arm-none-eabi/lib/thumb/v6-m/nofp\libg_nano.a(lib_a-nano-mallocr.o)
 .ARM.attributes
                0x00000393       0x2c c:/users/alexb/chipwh~1/cw/home/portable/armgcc/bin/../lib/gcc/arm-none-eabi/10.2.1/../../../../arm-none-eabi/lib/thumb/v6-m/nofp\libg_nano.a(lib_a-nano-vfprintf.o)
 .ARM.attributes
                0x000003bf       0x2c c:/users/alexb/chipwh~1/cw/home/portable/armgcc/bin/../lib/gcc/arm-none-eabi/10.2.1/../../../../arm-none-eabi/lib/thumb/v6-m/nofp\libg_nano.a(lib_a-nano-vfprintf_i.o)
 .ARM.attributes
                0x000003eb       0x2c c:/users/alexb/chipwh~1/cw/home/portable/armgcc/bin/../lib/gcc/arm-none-eabi/10.2.1/../../../../arm-none-eabi/lib/thumb/v6-m/nofp\libg_nano.a(lib_a-reent.o)
 .ARM.attributes
                0x00000417       0x2c c:/users/alexb/chipwh~1/cw/home/portable/armgcc/bin/../lib/gcc/arm-none-eabi/10.2.1/../../../../arm-none-eabi/lib/thumb/v6-m/nofp\libg_nano.a(lib_a-sbrkr.o)
 .ARM.attributes
                0x00000443       0x2c c:/users/alexb/chipwh~1/cw/home/portable/armgcc/bin/../lib/gcc/arm-none-eabi/10.2.1/../../../../arm-none-eabi/lib/thumb/v6-m/nofp\libg_nano.a(lib_a-wbuf.o)
 .ARM.attributes
                0x0000046f       0x2c c:/users/alexb/chipwh~1/cw/home/portable/armgcc/bin/../lib/gcc/arm-none-eabi/10.2.1/../../../../arm-none-eabi/lib/thumb/v6-m/nofp\libg_nano.a(lib_a-wsetup.o)
 .ARM.attributes
                0x0000049b       0x2c c:/users/alexb/chipwh~1/cw/home/portable/armgcc/bin/../lib/gcc/arm-none-eabi/10.2.1/../../../../arm-none-eabi/lib/thumb/v6-m/nofp\libg_nano.a(lib_a-abort.o)
 .ARM.attributes
                0x000004c7       0x2c c:/users/alexb/chipwh~1/cw/home/portable/armgcc/bin/../lib/gcc/arm-none-eabi/10.2.1/../../../../arm-none-eabi/lib/thumb/v6-m/nofp\libg_nano.a(lib_a-fflush.o)
 .ARM.attributes
                0x000004f3       0x2c c:/users/alexb/chipwh~1/cw/home/portable/armgcc/bin/../lib/gcc/arm-none-eabi/10.2.1/../../../../arm-none-eabi/lib/thumb/v6-m/nofp\libg_nano.a(lib_a-findfp.o)
 .ARM.attributes
                0x0000051f       0x2c c:/users/alexb/chipwh~1/cw/home/portable/armgcc/bin/../lib/gcc/arm-none-eabi/10.2.1/../../../../arm-none-eabi/lib/thumb/v6-m/nofp\libg_nano.a(lib_a-fwalk.o)
 .ARM.attributes
                0x0000054b       0x2c c:/users/alexb/chipwh~1/cw/home/portable/armgcc/bin/../lib/gcc/arm-none-eabi/10.2.1/../../../../arm-none-eabi/lib/thumb/v6-m/nofp\libg_nano.a(lib_a-lock.o)
 .ARM.attributes
                0x00000577       0x2c c:/users/alexb/chipwh~1/cw/home/portable/armgcc/bin/../lib/gcc/arm-none-eabi/10.2.1/../../../../arm-none-eabi/lib/thumb/v6-m/nofp\libg_nano.a(lib_a-makebuf.o)
 .ARM.attributes
                0x000005a3       0x2c c:/users/alexb/chipwh~1/cw/home/portable/armgcc/bin/../lib/gcc/arm-none-eabi/10.2.1/../../../../arm-none-eabi/lib/thumb/v6-m/nofp\libg_nano.a(lib_a-memchr-stub.o)
 .ARM.attributes
                0x000005cf       0x2c c:/users/alexb/chipwh~1/cw/home/portable/armgcc/bin/../lib/gcc/arm-none-eabi/10.2.1/../../../../arm-none-eabi/lib/thumb/v6-m/nofp\libg_nano.a(lib_a-mlock.o)
 .ARM.attributes
                0x000005fb       0x2c c:/users/alexb/chipwh~1/cw/home/portable/armgcc/bin/../lib/gcc/arm-none-eabi/10.2.1/../../../../arm-none-eabi/lib/thumb/v6-m/nofp\libg_nano.a(lib_a-signal.o)
 .ARM.attributes
                0x00000627       0x2c c:/users/alexb/chipwh~1/cw/home/portable/armgcc/bin/../lib/gcc/arm-none-eabi/10.2.1/../../../../arm-none-eabi/lib/thumb/v6-m/nofp\libg_nano.a(lib_a-signalr.o)
 .ARM.attributes
                0x00000653       0x2c c:/users/alexb/chipwh~1/cw/home/portable/armgcc/bin/../lib/gcc/arm-none-eabi/10.2.1/../../../../arm-none-eabi/lib/thumb/v6-m/nofp\libg_nano.a(lib_a-stdio.o)
 .ARM.attributes
                0x0000067f       0x2c c:/users/alexb/chipwh~1/cw/home/portable/armgcc/bin/../lib/gcc/arm-none-eabi/10.2.1/../../../../arm-none-eabi/lib/thumb/v6-m/nofp\libg_nano.a(lib_a-writer.o)
 .ARM.attributes
                0x000006ab       0x2c c:/users/alexb/chipwh~1/cw/home/portable/armgcc/bin/../lib/gcc/arm-none-eabi/10.2.1/../../../../arm-none-eabi/lib/thumb/v6-m/nofp\libg_nano.a(lib_a-closer.o)
 .ARM.attributes
                0x000006d7       0x2c c:/users/alexb/chipwh~1/cw/home/portable/armgcc/bin/../lib/gcc/arm-none-eabi/10.2.1/../../../../arm-none-eabi/lib/thumb/v6-m/nofp\libg_nano.a(lib_a-fstatr.o)
 .ARM.attributes
                0x00000703       0x2c c:/users/alexb/chipwh~1/cw/home/portable/armgcc/bin/../lib/gcc/arm-none-eabi/10.2.1/../../../../arm-none-eabi/lib/thumb/v6-m/nofp\libg_nano.a(lib_a-isattyr.o)
 .ARM.attributes
                0x0000072f       0x2c c:/users/alexb/chipwh~1/cw/home/portable/armgcc/bin/../lib/gcc/arm-none-eabi/10.2.1/../../../../arm-none-eabi/lib/thumb/v6-m/nofp\libg_nano.a(lib_a-lseekr.o)
 .ARM.attributes
                0x0000075b       0x2c c:/users/alexb/chipwh~1/cw/home/portable/armgcc/bin/../lib/gcc/arm-none-eabi/10.2.1/../../../../arm-none-eabi/lib/thumb/v6-m/nofp\libg_nano.a(lib_a-readr.o)
 .ARM.attributes
                0x00000787       0x1e c:/users/alexb/chipwh~1/cw/home/portable/armgcc/bin/../lib/gcc/arm-none-eabi/10.2.1/thumb/v6-m/nofp\libgcc.a(_thumb1_case_shi.o)
 .ARM.attributes
                0x000007a5       0x2c c:/users/alexb/chipwh~1/cw/home/portable/armgcc/bin/../lib/gcc/arm-none-eabi/10.2.1/thumb/v6-m/nofp\libgcc.a(_muldi3.o)
 .ARM.attributes
                0x000007d1       0x2c c:/users/alexb/chipwh~1/cw/home/portable/armgcc/bin/../lib/gcc/arm-none-eabi/10.2.1/../../../../arm-none-eabi/lib/thumb/v6-m/nofp\libnosys.a(close.o)
 .ARM.attributes
                0x000007fd       0x2c c:/users/alexb/chipwh~1/cw/home/portable/armgcc/bin/../lib/gcc/arm-none-eabi/10.2.1/../../../../arm-none-eabi/lib/thumb/v6-m/nofp\libnosys.a(fstat.o)
 .ARM.attributes
                0x00000829       0x2c c:/users/alexb/chipwh~1/cw/home/portable/armgcc/bin/../lib/gcc/arm-none-eabi/10.2.1/../../../../arm-none-eabi/lib/thumb/v6-m/nofp\libnosys.a(getpid.o)
 .ARM.attributes
                0x00000855       0x2c c:/users/alexb/chipwh~1/cw/home/portable/armgcc/bin/../lib/gcc/arm-none-eabi/10.2.1/../../../../arm-none-eabi/lib/thumb/v6-m/nofp\libnosys.a(gettod.o)
 .ARM.attributes
                0x00000881       0x2c c:/users/alexb/chipwh~1/cw/home/portable/armgcc/bin/../lib/gcc/arm-none-eabi/10.2.1/../../../../arm-none-eabi/lib/thumb/v6-m/nofp\libnosys.a(isatty.o)
 .ARM.attributes
                0x000008ad       0x2c c:/users/alexb/chipwh~1/cw/home/portable/armgcc/bin/../lib/gcc/arm-none-eabi/10.2.1/../../../../arm-none-eabi/lib/thumb/v6-m/nofp\libnosys.a(kill.o)
 .ARM.attributes
                0x000008d9       0x2c c:/users/alexb/chipwh~1/cw/home/portable/armgcc/bin/../lib/gcc/arm-none-eabi/10.2.1/../../../../arm-none-eabi/lib/thumb/v6-m/nofp\libnosys.a(lseek.o)
 .ARM.attributes
                0x00000905       0x2c c:/users/alexb/chipwh~1/cw/home/portable/armgcc/bin/../lib/gcc/arm-none-eabi/10.2.1/../../../../arm-none-eabi/lib/thumb/v6-m/nofp\libnosys.a(read.o)
 .ARM.attributes
                0x00000931       0x2c c:/users/alexb/chipwh~1/cw/home/portable/armgcc/bin/../lib/gcc/arm-none-eabi/10.2.1/../../../../arm-none-eabi/lib/thumb/v6-m/nofp\libnosys.a(sbrk.o)
 .ARM.attributes
                0x0000095d       0x2c c:/users/alexb/chipwh~1/cw/home/portable/armgcc/bin/../lib/gcc/arm-none-eabi/10.2.1/../../../../arm-none-eabi/lib/thumb/v6-m/nofp\libnosys.a(write.o)
 .ARM.attributes
                0x00000989       0x2c c:/users/alexb/chipwh~1/cw/home/portable/armgcc/bin/../lib/gcc/arm-none-eabi/10.2.1/../../../../arm-none-eabi/lib/thumb/v6-m/nofp\libnosys.a(_exit.o)
 .ARM.attributes
                0x000009b5       0x1e c:/users/alexb/chipwh~1/cw/home/portable/armgcc/bin/../lib/gcc/arm-none-eabi/10.2.1/thumb/v6-m/nofp/crtn.o
OUTPUT(simpleserial-base-CWNANO.elf elf32-littlearm)
LOAD linker stubs
LOAD c:/users/alexb/chipwh~1/cw/home/portable/armgcc/bin/../lib/gcc/arm-none-eabi/10.2.1/../../../../arm-none-eabi/lib/thumb/v6-m/nofp\libc.a
LOAD c:/users/alexb/chipwh~1/cw/home/portable/armgcc/bin/../lib/gcc/arm-none-eabi/10.2.1/../../../../arm-none-eabi/lib/thumb/v6-m/nofp\libm.a
LOAD c:/users/alexb/chipwh~1/cw/home/portable/armgcc/bin/../lib/gcc/arm-none-eabi/10.2.1/thumb/v6-m/nofp\libgcc.a

.debug_info     0x00000000     0x4106
 .debug_info    0x00000000      0xa82 objdir-CWNANO/simpleserial-base.o
 .debug_info    0x00000a82      0x3a7 objdir-CWNANO/AES_128.o
 .debug_info    0x00000e29      0xb32 objdir-CWNANO/simpleserial.o
 .debug_info    0x0000195b      0xea9 objdir-CWNANO/stm32f0_hal_nano.o
 .debug_info    0x00002804     0x1902 objdir-CWNANO/stm32f0_hal_lowlevel.o

.debug_abbrev   0x00000000      0xcc4
 .debug_abbrev  0x00000000      0x290 objdir-CWNANO/simpleserial-base.o
 .debug_abbrev  0x00000290      0x16f objdir-CWNANO/AES_128.o
 .debug_abbrev  0x000003ff      0x2f3 objdir-CWNANO/simpleserial.o
 .debug_abbrev  0x000006f2      0x1f3 objdir-CWNANO/stm32f0_hal_nano.o
 .debug_abbrev  0x000008e5      0x3df objdir-CWNANO/stm32f0_hal_lowlevel.o

.debug_loc      0x00000000     0x422a
 .debug_loc     0x00000000      0x4d5 objdir-CWNANO/simpleserial-base.o
 .debug_loc     0x000004d5      0x6c4 objdir-CWNANO/AES_128.o
 .debug_loc     0x00000b99     0x1b25 objdir-CWNANO/simpleserial.o
 .debug_loc     0x000026be      0x1da objdir-CWNANO/stm32f0_hal_nano.o
 .debug_loc     0x00002898     0x1992 objdir-CWNANO/stm32f0_hal_lowlevel.o

.debug_aranges  0x00000000      0x1f0
 .debug_aranges
                0x00000000       0x50 objdir-CWNANO/simpleserial-base.o
 .debug_aranges
                0x00000050       0x48 objdir-CWNANO/AES_128.o
 .debug_aranges
                0x00000098       0x78 objdir-CWNANO/simpleserial.o
 .debug_aranges
                0x00000110       0x60 objdir-CWNANO/stm32f0_hal_nano.o
 .debug_aranges
                0x00000170       0x80 objdir-CWNANO/stm32f0_hal_lowlevel.o

.debug_ranges   0x00000000      0x888
 .debug_ranges  0x00000000       0x70 objdir-CWNANO/simpleserial-base.o
 .debug_ranges  0x00000070       0x38 objdir-CWNANO/AES_128.o
 .debug_ranges  0x000000a8      0x1b0 objdir-CWNANO/simpleserial.o
 .debug_ranges  0x00000258       0xc8 objdir-CWNANO/stm32f0_hal_nano.o
 .debug_ranges  0x00000320      0x568 objdir-CWNANO/stm32f0_hal_lowlevel.o

.debug_line     0x00000000     0x3ba8
 .debug_line    0x00000000      0x47f objdir-CWNANO/simpleserial-base.o
 .debug_line    0x0000047f      0x6e5 objdir-CWNANO/AES_128.o
 .debug_line    0x00000b64     0x1092 objdir-CWNANO/simpleserial.o
 .debug_line    0x00001bf6      0x456 objdir-CWNANO/stm32f0_hal_nano.o
 .debug_line    0x0000204c     0x1b5c objdir-CWNANO/stm32f0_hal_lowlevel.o

.debug_str      0x00000000      0xead
 .debug_str     0x00000000      0x350 objdir-CWNANO/simpleserial-base.o
                                0x3a6 (size before relaxing)
 .debug_str     0x00000350       0x66 objdir-CWNANO/AES_128.o
                                0x276 (size before relaxing)
 .debug_str     0x000003b6       0xce objdir-CWNANO/simpleserial.o
                                0x361 (size before relaxing)
 .debug_str     0x00000484      0x6fa objdir-CWNANO/stm32f0_hal_nano.o
                                0x947 (size before relaxing)
 .debug_str     0x00000b7e      0x32f objdir-CWNANO/stm32f0_hal_lowlevel.o
                                0xc07 (size before relaxing)

.comment        0x00000000       0x4d
 .comment       0x00000000       0x4d objdir-CWNANO/simpleserial-base.o
                                 0x4e (size before relaxing)
 .comment       0x0000004d       0x4e objdir-CWNANO/AES_128.o
 .comment       0x0000004d       0x4e objdir-CWNANO/simpleserial.o
 .comment       0x0000004d       0x4e objdir-CWNANO/stm32f0_hal_nano.o
 .comment       0x0000004d       0x4e objdir-CWNANO/stm32f0_hal_lowlevel.o

.debug_frame    0x00000000     0x1204
 .debug_frame   0x00000000       0xcc objdir-CWNANO/simpleserial-base.o
 .debug_frame   0x000000cc       0xb0 objdir-CWNANO/AES_128.o
 .debug_frame   0x0000017c      0x178 objdir-CWNANO/simpleserial.o
 .debug_frame   0x000002f4      0x104 objdir-CWNANO/stm32f0_hal_nano.o
 .debug_frame   0x000003f8      0x1c8 objdir-CWNANO/stm32f0_hal_lowlevel.o
 .debug_frame   0x000005c0       0x20 c:/users/alexb/chipwh~1/cw/home/portable/armgcc/bin/../lib/gcc/arm-none-eabi/10.2.1/thumb/v6-m/nofp\libgcc.a(_udivsi3.o)
 .debug_frame   0x000005e0       0x2c c:/users/alexb/chipwh~1/cw/home/portable/armgcc/bin/../lib/gcc/arm-none-eabi/10.2.1/../../../../arm-none-eabi/lib/thumb/v6-m/nofp\libg_nano.a(lib_a-init.o)
 .debug_frame   0x0000060c       0x28 c:/users/alexb/chipwh~1/cw/home/portable/armgcc/bin/../lib/gcc/arm-none-eabi/10.2.1/../../../../arm-none-eabi/lib/thumb/v6-m/nofp\libg_nano.a(lib_a-memcpy-stub.o)
 .debug_frame   0x00000634       0x20 c:/users/alexb/chipwh~1/cw/home/portable/armgcc/bin/../lib/gcc/arm-none-eabi/10.2.1/../../../../arm-none-eabi/lib/thumb/v6-m/nofp\libg_nano.a(lib_a-memset.o)
 .debug_frame   0x00000654       0x44 c:/users/alexb/chipwh~1/cw/home/portable/armgcc/bin/../lib/gcc/arm-none-eabi/10.2.1/../../../../arm-none-eabi/lib/thumb/v6-m/nofp\libg_nano.a(lib_a-rand.o)
 .debug_frame   0x00000698       0x30 c:/users/alexb/chipwh~1/cw/home/portable/armgcc/bin/../lib/gcc/arm-none-eabi/10.2.1/../../../../arm-none-eabi/lib/thumb/v6-m/nofp\libg_nano.a(lib_a-time.o)
 .debug_frame   0x000006c8       0x44 c:/users/alexb/chipwh~1/cw/home/portable/armgcc/bin/../lib/gcc/arm-none-eabi/10.2.1/../../../../arm-none-eabi/lib/thumb/v6-m/nofp\libg_nano.a(lib_a-assert.o)
 .debug_frame   0x0000070c       0x4c c:/users/alexb/chipwh~1/cw/home/portable/armgcc/bin/../lib/gcc/arm-none-eabi/10.2.1/../../../../arm-none-eabi/lib/thumb/v6-m/nofp\libg_nano.a(lib_a-fprintf.o)
 .debug_frame   0x00000758       0x2c c:/users/alexb/chipwh~1/cw/home/portable/armgcc/bin/../lib/gcc/arm-none-eabi/10.2.1/../../../../arm-none-eabi/lib/thumb/v6-m/nofp\libg_nano.a(lib_a-gettimeofdayr.o)
 .debug_frame   0x00000784       0x40 c:/users/alexb/chipwh~1/cw/home/portable/armgcc/bin/../lib/gcc/arm-none-eabi/10.2.1/../../../../arm-none-eabi/lib/thumb/v6-m/nofp\libg_nano.a(lib_a-malloc.o)
 .debug_frame   0x000007c4       0x2c c:/users/alexb/chipwh~1/cw/home/portable/armgcc/bin/../lib/gcc/arm-none-eabi/10.2.1/../../../../arm-none-eabi/lib/thumb/v6-m/nofp\libg_nano.a(lib_a-nano-freer.o)
 .debug_frame   0x000007f0       0x30 c:/users/alexb/chipwh~1/cw/home/portable/armgcc/bin/../lib/gcc/arm-none-eabi/10.2.1/../../../../arm-none-eabi/lib/thumb/v6-m/nofp\libg_nano.a(lib_a-nano-mallocr.o)
 .debug_frame   0x00000820       0x9c c:/users/alexb/chipwh~1/cw/home/portable/armgcc/bin/../lib/gcc/arm-none-eabi/10.2.1/../../../../arm-none-eabi/lib/thumb/v6-m/nofp\libg_nano.a(lib_a-nano-vfprintf.o)
 .debug_frame   0x000008bc       0x54 c:/users/alexb/chipwh~1/cw/home/portable/armgcc/bin/../lib/gcc/arm-none-eabi/10.2.1/../../../../arm-none-eabi/lib/thumb/v6-m/nofp\libg_nano.a(lib_a-nano-vfprintf_i.o)
 .debug_frame   0x00000910       0x48 c:/users/alexb/chipwh~1/cw/home/portable/armgcc/bin/../lib/gcc/arm-none-eabi/10.2.1/../../../../arm-none-eabi/lib/thumb/v6-m/nofp\libg_nano.a(lib_a-reent.o)
 .debug_frame   0x00000958       0x2c c:/users/alexb/chipwh~1/cw/home/portable/armgcc/bin/../lib/gcc/arm-none-eabi/10.2.1/../../../../arm-none-eabi/lib/thumb/v6-m/nofp\libg_nano.a(lib_a-sbrkr.o)
 .debug_frame   0x00000984       0x48 c:/users/alexb/chipwh~1/cw/home/portable/armgcc/bin/../lib/gcc/arm-none-eabi/10.2.1/../../../../arm-none-eabi/lib/thumb/v6-m/nofp\libg_nano.a(lib_a-wbuf.o)
 .debug_frame   0x000009cc       0x2c c:/users/alexb/chipwh~1/cw/home/portable/armgcc/bin/../lib/gcc/arm-none-eabi/10.2.1/../../../../arm-none-eabi/lib/thumb/v6-m/nofp\libg_nano.a(lib_a-wsetup.o)
 .debug_frame   0x000009f8       0x28 c:/users/alexb/chipwh~1/cw/home/portable/armgcc/bin/../lib/gcc/arm-none-eabi/10.2.1/../../../../arm-none-eabi/lib/thumb/v6-m/nofp\libg_nano.a(lib_a-abort.o)
 .debug_frame   0x00000a20       0x68 c:/users/alexb/chipwh~1/cw/home/portable/armgcc/bin/../lib/gcc/arm-none-eabi/10.2.1/../../../../arm-none-eabi/lib/thumb/v6-m/nofp\libg_nano.a(lib_a-fflush.o)
 .debug_frame   0x00000a88      0x170 c:/users/alexb/chipwh~1/cw/home/portable/armgcc/bin/../lib/gcc/arm-none-eabi/10.2.1/../../../../arm-none-eabi/lib/thumb/v6-m/nofp\libg_nano.a(lib_a-findfp.o)
 .debug_frame   0x00000bf8       0x58 c:/users/alexb/chipwh~1/cw/home/portable/armgcc/bin/../lib/gcc/arm-none-eabi/10.2.1/../../../../arm-none-eabi/lib/thumb/v6-m/nofp\libg_nano.a(lib_a-fwalk.o)
 .debug_frame   0x00000c50       0xb0 c:/users/alexb/chipwh~1/cw/home/portable/armgcc/bin/../lib/gcc/arm-none-eabi/10.2.1/../../../../arm-none-eabi/lib/thumb/v6-m/nofp\libg_nano.a(lib_a-lock.o)
 .debug_frame   0x00000d00       0x54 c:/users/alexb/chipwh~1/cw/home/portable/armgcc/bin/../lib/gcc/arm-none-eabi/10.2.1/../../../../arm-none-eabi/lib/thumb/v6-m/nofp\libg_nano.a(lib_a-makebuf.o)
 .debug_frame   0x00000d54       0x20 c:/users/alexb/chipwh~1/cw/home/portable/armgcc/bin/../lib/gcc/arm-none-eabi/10.2.1/../../../../arm-none-eabi/lib/thumb/v6-m/nofp\libg_nano.a(lib_a-memchr-stub.o)
 .debug_frame   0x00000d74       0x40 c:/users/alexb/chipwh~1/cw/home/portable/armgcc/bin/../lib/gcc/arm-none-eabi/10.2.1/../../../../arm-none-eabi/lib/thumb/v6-m/nofp\libg_nano.a(lib_a-mlock.o)
 .debug_frame   0x00000db4       0xe0 c:/users/alexb/chipwh~1/cw/home/portable/armgcc/bin/../lib/gcc/arm-none-eabi/10.2.1/../../../../arm-none-eabi/lib/thumb/v6-m/nofp\libg_nano.a(lib_a-signal.o)
 .debug_frame   0x00000e94       0x44 c:/users/alexb/chipwh~1/cw/home/portable/armgcc/bin/../lib/gcc/arm-none-eabi/10.2.1/../../../../arm-none-eabi/lib/thumb/v6-m/nofp\libg_nano.a(lib_a-signalr.o)
 .debug_frame   0x00000ed8       0x90 c:/users/alexb/chipwh~1/cw/home/portable/armgcc/bin/../lib/gcc/arm-none-eabi/10.2.1/../../../../arm-none-eabi/lib/thumb/v6-m/nofp\libg_nano.a(lib_a-stdio.o)
 .debug_frame   0x00000f68       0x2c c:/users/alexb/chipwh~1/cw/home/portable/armgcc/bin/../lib/gcc/arm-none-eabi/10.2.1/../../../../arm-none-eabi/lib/thumb/v6-m/nofp\libg_nano.a(lib_a-writer.o)
 .debug_frame   0x00000f94       0x2c c:/users/alexb/chipwh~1/cw/home/portable/armgcc/bin/../lib/gcc/arm-none-eabi/10.2.1/../../../../arm-none-eabi/lib/thumb/v6-m/nofp\libg_nano.a(lib_a-closer.o)
 .debug_frame   0x00000fc0       0x2c c:/users/alexb/chipwh~1/cw/home/portable/armgcc/bin/../lib/gcc/arm-none-eabi/10.2.1/../../../../arm-none-eabi/lib/thumb/v6-m/nofp\libg_nano.a(lib_a-fstatr.o)
 .debug_frame   0x00000fec       0x2c c:/users/alexb/chipwh~1/cw/home/portable/armgcc/bin/../lib/gcc/arm-none-eabi/10.2.1/../../../../arm-none-eabi/lib/thumb/v6-m/nofp\libg_nano.a(lib_a-isattyr.o)
 .debug_frame   0x00001018       0x2c c:/users/alexb/chipwh~1/cw/home/portable/armgcc/bin/../lib/gcc/arm-none-eabi/10.2.1/../../../../arm-none-eabi/lib/thumb/v6-m/nofp\libg_nano.a(lib_a-lseekr.o)
 .debug_frame   0x00001044       0x2c c:/users/alexb/chipwh~1/cw/home/portable/armgcc/bin/../lib/gcc/arm-none-eabi/10.2.1/../../../../arm-none-eabi/lib/thumb/v6-m/nofp\libg_nano.a(lib_a-readr.o)
 .debug_frame   0x00001070       0x34 c:/users/alexb/chipwh~1/cw/home/portable/armgcc/bin/../lib/gcc/arm-none-eabi/10.2.1/thumb/v6-m/nofp\libgcc.a(_muldi3.o)
 .debug_frame   0x000010a4       0x20 c:/users/alexb/chipwh~1/cw/home/portable/armgcc/bin/../lib/gcc/arm-none-eabi/10.2.1/../../../../arm-none-eabi/lib/thumb/v6-m/nofp\libnosys.a(close.o)
 .debug_frame   0x000010c4       0x20 c:/users/alexb/chipwh~1/cw/home/portable/armgcc/bin/../lib/gcc/arm-none-eabi/10.2.1/../../../../arm-none-eabi/lib/thumb/v6-m/nofp\libnosys.a(fstat.o)
 .debug_frame   0x000010e4       0x20 c:/users/alexb/chipwh~1/cw/home/portable/armgcc/bin/../lib/gcc/arm-none-eabi/10.2.1/../../../../arm-none-eabi/lib/thumb/v6-m/nofp\libnosys.a(getpid.o)
 .debug_frame   0x00001104       0x20 c:/users/alexb/chipwh~1/cw/home/portable/armgcc/bin/../lib/gcc/arm-none-eabi/10.2.1/../../../../arm-none-eabi/lib/thumb/v6-m/nofp\libnosys.a(gettod.o)
 .debug_frame   0x00001124       0x20 c:/users/alexb/chipwh~1/cw/home/portable/armgcc/bin/../lib/gcc/arm-none-eabi/10.2.1/../../../../arm-none-eabi/lib/thumb/v6-m/nofp\libnosys.a(isatty.o)
 .debug_frame   0x00001144       0x20 c:/users/alexb/chipwh~1/cw/home/portable/armgcc/bin/../lib/gcc/arm-none-eabi/10.2.1/../../../../arm-none-eabi/lib/thumb/v6-m/nofp\libnosys.a(kill.o)
 .debug_frame   0x00001164       0x20 c:/users/alexb/chipwh~1/cw/home/portable/armgcc/bin/../lib/gcc/arm-none-eabi/10.2.1/../../../../arm-none-eabi/lib/thumb/v6-m/nofp\libnosys.a(lseek.o)
 .debug_frame   0x00001184       0x20 c:/users/alexb/chipwh~1/cw/home/portable/armgcc/bin/../lib/gcc/arm-none-eabi/10.2.1/../../../../arm-none-eabi/lib/thumb/v6-m/nofp\libnosys.a(read.o)
 .debug_frame   0x000011a4       0x20 c:/users/alexb/chipwh~1/cw/home/portable/armgcc/bin/../lib/gcc/arm-none-eabi/10.2.1/../../../../arm-none-eabi/lib/thumb/v6-m/nofp\libnosys.a(sbrk.o)
 .debug_frame   0x000011c4       0x20 c:/users/alexb/chipwh~1/cw/home/portable/armgcc/bin/../lib/gcc/arm-none-eabi/10.2.1/../../../../arm-none-eabi/lib/thumb/v6-m/nofp\libnosys.a(write.o)
 .debug_frame   0x000011e4       0x20 c:/users/alexb/chipwh~1/cw/home/portable/armgcc/bin/../lib/gcc/arm-none-eabi/10.2.1/../../../../arm-none-eabi/lib/thumb/v6-m/nofp\libnosys.a(_exit.o)

.stab           0x00000000      0x21c
 .stab          0x00000000      0x144 objdir-CWNANO/stm32f0_startup.o
 .stab          0x00000144       0x18 c:/users/alexb/chipwh~1/cw/home/portable/armgcc/bin/../lib/gcc/arm-none-eabi/10.2.1/../../../../arm-none-eabi/lib/thumb/v6-m/nofp\libnosys.a(close.o)
                                 0x24 (size before relaxing)
 .stab          0x0000015c       0x18 c:/users/alexb/chipwh~1/cw/home/portable/armgcc/bin/../lib/gcc/arm-none-eabi/10.2.1/../../../../arm-none-eabi/lib/thumb/v6-m/nofp\libnosys.a(fstat.o)
                                 0x24 (size before relaxing)
 .stab          0x00000174       0x18 c:/users/alexb/chipwh~1/cw/home/portable/armgcc/bin/../lib/gcc/arm-none-eabi/10.2.1/../../../../arm-none-eabi/lib/thumb/v6-m/nofp\libnosys.a(getpid.o)
                                 0x24 (size before relaxing)
 .stab          0x0000018c       0x18 c:/users/alexb/chipwh~1/cw/home/portable/armgcc/bin/../lib/gcc/arm-none-eabi/10.2.1/../../../../arm-none-eabi/lib/thumb/v6-m/nofp\libnosys.a(gettod.o)
                                 0x24 (size before relaxing)
 .stab          0x000001a4       0x18 c:/users/alexb/chipwh~1/cw/home/portable/armgcc/bin/../lib/gcc/arm-none-eabi/10.2.1/../../../../arm-none-eabi/lib/thumb/v6-m/nofp\libnosys.a(isatty.o)
                                 0x24 (size before relaxing)
 .stab          0x000001bc       0x18 c:/users/alexb/chipwh~1/cw/home/portable/armgcc/bin/../lib/gcc/arm-none-eabi/10.2.1/../../../../arm-none-eabi/lib/thumb/v6-m/nofp\libnosys.a(kill.o)
                                 0x24 (size before relaxing)
 .stab          0x000001d4       0x18 c:/users/alexb/chipwh~1/cw/home/portable/armgcc/bin/../lib/gcc/arm-none-eabi/10.2.1/../../../../arm-none-eabi/lib/thumb/v6-m/nofp\libnosys.a(lseek.o)
                                 0x24 (size before relaxing)
 .stab          0x000001ec       0x18 c:/users/alexb/chipwh~1/cw/home/portable/armgcc/bin/../lib/gcc/arm-none-eabi/10.2.1/../../../../arm-none-eabi/lib/thumb/v6-m/nofp\libnosys.a(read.o)
                                 0x24 (size before relaxing)
 .stab          0x00000204       0x18 c:/users/alexb/chipwh~1/cw/home/portable/armgcc/bin/../lib/gcc/arm-none-eabi/10.2.1/../../../../arm-none-eabi/lib/thumb/v6-m/nofp\libnosys.a(write.o)
                                 0x24 (size before relaxing)

.stabstr        0x00000000      0x245
 .stabstr       0x00000000      0x245 objdir-CWNANO/stm32f0_startup.o

Cross Reference Table

Symbol                                            File
AddMatrices                                       objdir-CWNANO/AES_128.o
                                                  objdir-CWNANO/simpleserial-base.o
AddRoundKey                                       objdir-CWNANO/AES_128.o
                                                  objdir-CWNANO/simpleserial-base.o
BusFault_Handler                                  objdir-CWNANO/stm32f0_startup.o
Cat                                               objdir-CWNANO/simpleserial-base.o
DebugMon_Handler                                  objdir-CWNANO/stm32f0_startup.o
Default_Handler                                   objdir-CWNANO/stm32f0_startup.o
ExpandKey                                         objdir-CWNANO/AES_128.o
                                                  objdir-CWNANO/simpleserial-base.o
ExpandedKey                                       objdir-CWNANO/simpleserial-base.o
HAL_GPIO_Init                                     objdir-CWNANO/stm32f0_hal_lowlevel.o
                                                  objdir-CWNANO/stm32f0_hal_nano.o
HAL_GPIO_WritePin                                 objdir-CWNANO/stm32f0_hal_lowlevel.o
                                                  objdir-CWNANO/stm32f0_hal_nano.o
HAL_GetTick                                       objdir-CWNANO/stm32f0_hal_lowlevel.o
HAL_RCCEx_PeriphCLKConfig                         objdir-CWNANO/stm32f0_hal_lowlevel.o
HAL_RCC_ClockConfig                               objdir-CWNANO/stm32f0_hal_lowlevel.o
                                                  objdir-CWNANO/stm32f0_hal_nano.o
HAL_RCC_GetPCLK1Freq                              objdir-CWNANO/stm32f0_hal_lowlevel.o
HAL_RCC_GetPCLK2Freq                              objdir-CWNANO/stm32f0_hal_lowlevel.o
HAL_RCC_GetSysClockFreq                           objdir-CWNANO/stm32f0_hal_lowlevel.o
HAL_RCC_OscConfig                                 objdir-CWNANO/stm32f0_hal_lowlevel.o
                                                  objdir-CWNANO/stm32f0_hal_nano.o
HAL_UART_Init                                     objdir-CWNANO/stm32f0_hal_lowlevel.o
                                                  objdir-CWNANO/stm32f0_hal_nano.o
HAL_UART_Receive                                  objdir-CWNANO/stm32f0_hal_lowlevel.o
                                                  objdir-CWNANO/stm32f0_hal_nano.o
HAL_UART_Transmit                                 objdir-CWNANO/stm32f0_hal_lowlevel.o
                                                  objdir-CWNANO/stm32f0_hal_nano.o
HardFault_Handler                                 objdir-CWNANO/stm32f0_startup.o
Key                                               objdir-CWNANO/simpleserial-base.o
Mask_Matrix                                       objdir-CWNANO/simpleserial-base.o
MemManage_Handler                                 objdir-CWNANO/stm32f0_startup.o
MixColumns                                        objdir-CWNANO/AES_128.o
                                                  objdir-CWNANO/simpleserial-base.o
NMI_Handler                                       objdir-CWNANO/stm32f0_startup.o
PendSV_Handler                                    objdir-CWNANO/stm32f0_startup.o
PlainText                                         objdir-CWNANO/simpleserial-base.o
RCon                                              objdir-CWNANO/AES_128.o
Reset_Handler                                     objdir-CWNANO/stm32f0_startup.o
SBox                                              objdir-CWNANO/AES_128.o
ST_Matrix                                         objdir-CWNANO/simpleserial-base.o
SVC_Handler                                       objdir-CWNANO/stm32f0_startup.o
S_Matrix                                          objdir-CWNANO/simpleserial-base.o
ShiftRows                                         objdir-CWNANO/AES_128.o
                                                  objdir-CWNANO/simpleserial-base.o
StateArray                                        objdir-CWNANO/simpleserial-base.o
SubBytes                                          objdir-CWNANO/AES_128.o
                                                  objdir-CWNANO/simpleserial-base.o
SysTick_Handler                                   objdir-CWNANO/stm32f0_startup.o
SystemCoreClock                                   objdir-CWNANO/stm32f0_hal_lowlevel.o
SystemInit                                        objdir-CWNANO/stm32f0_startup.o
UART_CheckIdleState                               objdir-CWNANO/stm32f0_hal_lowlevel.o
UART_SetConfig                                    objdir-CWNANO/stm32f0_hal_lowlevel.o
UART_WaitOnFlagUntilTimeout                       objdir-CWNANO/stm32f0_hal_lowlevel.o
UartHandle                                        objdir-CWNANO/stm32f0_hal_nano.o
UsageFault_Handler                                objdir-CWNANO/stm32f0_startup.o
__aeabi_idiv                                      c:/users/alexb/chipwh~1/cw/home/portable/armgcc/bin/../lib/gcc/arm-none-eabi/10.2.1/thumb/v6-m/nofp\libgcc.a(_divsi3.o)
                                                  c:/users/alexb/chipwh~1/cw/home/portable/armgcc/bin/../lib/gcc/arm-none-eabi/10.2.1/../../../../arm-none-eabi/lib/thumb/v6-m/nofp\libg_nano.a(lib_a-fvwrite.o)
__aeabi_idiv0                                     c:/users/alexb/chipwh~1/cw/home/portable/armgcc/bin/../lib/gcc/arm-none-eabi/10.2.1/thumb/v6-m/nofp\libgcc.a(_dvmd_tls.o)
                                                  c:/users/alexb/chipwh~1/cw/home/portable/armgcc/bin/../lib/gcc/arm-none-eabi/10.2.1/thumb/v6-m/nofp\libgcc.a(_divsi3.o)
                                                  c:/users/alexb/chipwh~1/cw/home/portable/armgcc/bin/../lib/gcc/arm-none-eabi/10.2.1/thumb/v6-m/nofp\libgcc.a(_udivsi3.o)
__aeabi_idivmod                                   c:/users/alexb/chipwh~1/cw/home/portable/armgcc/bin/../lib/gcc/arm-none-eabi/10.2.1/thumb/v6-m/nofp\libgcc.a(_divsi3.o)
__aeabi_ldiv0                                     c:/users/alexb/chipwh~1/cw/home/portable/armgcc/bin/../lib/gcc/arm-none-eabi/10.2.1/thumb/v6-m/nofp\libgcc.a(_dvmd_tls.o)
__aeabi_lmul                                      c:/users/alexb/chipwh~1/cw/home/portable/armgcc/bin/../lib/gcc/arm-none-eabi/10.2.1/thumb/v6-m/nofp\libgcc.a(_muldi3.o)
                                                  c:/users/alexb/chipwh~1/cw/home/portable/armgcc/bin/../lib/gcc/arm-none-eabi/10.2.1/../../../../arm-none-eabi/lib/thumb/v6-m/nofp\libg_nano.a(lib_a-rand.o)
__aeabi_uidiv                                     c:/users/alexb/chipwh~1/cw/home/portable/armgcc/bin/../lib/gcc/arm-none-eabi/10.2.1/thumb/v6-m/nofp\libgcc.a(_udivsi3.o)
                                                  objdir-CWNANO/stm32f0_hal_lowlevel.o
__aeabi_uidivmod                                  c:/users/alexb/chipwh~1/cw/home/portable/armgcc/bin/../lib/gcc/arm-none-eabi/10.2.1/thumb/v6-m/nofp\libgcc.a(_udivsi3.o)
                                                  c:/users/alexb/chipwh~1/cw/home/portable/armgcc/bin/../lib/gcc/arm-none-eabi/10.2.1/../../../../arm-none-eabi/lib/thumb/v6-m/nofp\libg_nano.a(lib_a-nano-vfprintf_i.o)
__assert                                          c:/users/alexb/chipwh~1/cw/home/portable/armgcc/bin/../lib/gcc/arm-none-eabi/10.2.1/../../../../arm-none-eabi/lib/thumb/v6-m/nofp\libg_nano.a(lib_a-assert.o)
__assert_func                                     c:/users/alexb/chipwh~1/cw/home/portable/armgcc/bin/../lib/gcc/arm-none-eabi/10.2.1/../../../../arm-none-eabi/lib/thumb/v6-m/nofp\libg_nano.a(lib_a-assert.o)
                                                  c:/users/alexb/chipwh~1/cw/home/portable/armgcc/bin/../lib/gcc/arm-none-eabi/10.2.1/../../../../arm-none-eabi/lib/thumb/v6-m/nofp\libg_nano.a(lib_a-rand.o)
__bss_end__                                       c:/users/alexb/chipwh~1/cw/home/portable/armgcc/bin/../lib/gcc/arm-none-eabi/10.2.1/../../../../arm-none-eabi/lib/thumb/v6-m/nofp/crt0.o
__bss_start__                                     c:/users/alexb/chipwh~1/cw/home/portable/armgcc/bin/../lib/gcc/arm-none-eabi/10.2.1/../../../../arm-none-eabi/lib/thumb/v6-m/nofp/crt0.o
__call_exitprocs                                  c:/users/alexb/chipwh~1/cw/home/portable/armgcc/bin/../lib/gcc/arm-none-eabi/10.2.1/../../../../arm-none-eabi/lib/thumb/v6-m/nofp\libg_nano.a(lib_a-exit.o)
__deregister_frame_info                           c:/users/alexb/chipwh~1/cw/home/portable/armgcc/bin/../lib/gcc/arm-none-eabi/10.2.1/thumb/v6-m/nofp/crtbegin.o
__divsi3                                          c:/users/alexb/chipwh~1/cw/home/portable/armgcc/bin/../lib/gcc/arm-none-eabi/10.2.1/thumb/v6-m/nofp\libgcc.a(_divsi3.o)
__dso_handle                                      c:/users/alexb/chipwh~1/cw/home/portable/armgcc/bin/../lib/gcc/arm-none-eabi/10.2.1/thumb/v6-m/nofp/crtbegin.o
__fp_lock_all                                     c:/users/alexb/chipwh~1/cw/home/portable/armgcc/bin/../lib/gcc/arm-none-eabi/10.2.1/../../../../arm-none-eabi/lib/thumb/v6-m/nofp\libg_nano.a(lib_a-findfp.o)
__fp_unlock_all                                   c:/users/alexb/chipwh~1/cw/home/portable/armgcc/bin/../lib/gcc/arm-none-eabi/10.2.1/../../../../arm-none-eabi/lib/thumb/v6-m/nofp\libg_nano.a(lib_a-findfp.o)
__gnu_thumb1_case_shi                             c:/users/alexb/chipwh~1/cw/home/portable/armgcc/bin/../lib/gcc/arm-none-eabi/10.2.1/thumb/v6-m/nofp\libgcc.a(_thumb1_case_shi.o)
                                                  c:/users/alexb/chipwh~1/cw/home/portable/armgcc/bin/../lib/gcc/arm-none-eabi/10.2.1/../../../../arm-none-eabi/lib/thumb/v6-m/nofp\libg_nano.a(lib_a-nano-vfprintf_i.o)
__init_array_end                                  c:/users/alexb/chipwh~1/cw/home/portable/armgcc/bin/../lib/gcc/arm-none-eabi/10.2.1/../../../../arm-none-eabi/lib/thumb/v6-m/nofp\libg_nano.a(lib_a-init.o)
__init_array_start                                c:/users/alexb/chipwh~1/cw/home/portable/armgcc/bin/../lib/gcc/arm-none-eabi/10.2.1/../../../../arm-none-eabi/lib/thumb/v6-m/nofp\libg_nano.a(lib_a-init.o)
__libc_fini_array                                 c:/users/alexb/chipwh~1/cw/home/portable/armgcc/bin/../lib/gcc/arm-none-eabi/10.2.1/../../../../arm-none-eabi/lib/thumb/v6-m/nofp/crt0.o
__libc_init_array                                 c:/users/alexb/chipwh~1/cw/home/portable/armgcc/bin/../lib/gcc/arm-none-eabi/10.2.1/../../../../arm-none-eabi/lib/thumb/v6-m/nofp\libg_nano.a(lib_a-init.o)
                                                  objdir-CWNANO/stm32f0_startup.o
                                                  c:/users/alexb/chipwh~1/cw/home/portable/armgcc/bin/../lib/gcc/arm-none-eabi/10.2.1/../../../../arm-none-eabi/lib/thumb/v6-m/nofp/crt0.o
__lock___arc4random_mutex                         c:/users/alexb/chipwh~1/cw/home/portable/armgcc/bin/../lib/gcc/arm-none-eabi/10.2.1/../../../../arm-none-eabi/lib/thumb/v6-m/nofp\libg_nano.a(lib_a-lock.o)
__lock___at_quick_exit_mutex                      c:/users/alexb/chipwh~1/cw/home/portable/armgcc/bin/../lib/gcc/arm-none-eabi/10.2.1/../../../../arm-none-eabi/lib/thumb/v6-m/nofp\libg_nano.a(lib_a-lock.o)
__lock___atexit_recursive_mutex                   c:/users/alexb/chipwh~1/cw/home/portable/armgcc/bin/../lib/gcc/arm-none-eabi/10.2.1/../../../../arm-none-eabi/lib/thumb/v6-m/nofp\libg_nano.a(lib_a-lock.o)
__lock___dd_hash_mutex                            c:/users/alexb/chipwh~1/cw/home/portable/armgcc/bin/../lib/gcc/arm-none-eabi/10.2.1/../../../../arm-none-eabi/lib/thumb/v6-m/nofp\libg_nano.a(lib_a-lock.o)
__lock___env_recursive_mutex                      c:/users/alexb/chipwh~1/cw/home/portable/armgcc/bin/../lib/gcc/arm-none-eabi/10.2.1/../../../../arm-none-eabi/lib/thumb/v6-m/nofp\libg_nano.a(lib_a-lock.o)
__lock___malloc_recursive_mutex                   c:/users/alexb/chipwh~1/cw/home/portable/armgcc/bin/../lib/gcc/arm-none-eabi/10.2.1/../../../../arm-none-eabi/lib/thumb/v6-m/nofp\libg_nano.a(lib_a-lock.o)
                                                  c:/users/alexb/chipwh~1/cw/home/portable/armgcc/bin/../lib/gcc/arm-none-eabi/10.2.1/../../../../arm-none-eabi/lib/thumb/v6-m/nofp\libg_nano.a(lib_a-mlock.o)
__lock___sfp_recursive_mutex                      c:/users/alexb/chipwh~1/cw/home/portable/armgcc/bin/../lib/gcc/arm-none-eabi/10.2.1/../../../../arm-none-eabi/lib/thumb/v6-m/nofp\libg_nano.a(lib_a-lock.o)
                                                  c:/users/alexb/chipwh~1/cw/home/portable/armgcc/bin/../lib/gcc/arm-none-eabi/10.2.1/../../../../arm-none-eabi/lib/thumb/v6-m/nofp\libg_nano.a(lib_a-findfp.o)
__lock___sinit_recursive_mutex                    c:/users/alexb/chipwh~1/cw/home/portable/armgcc/bin/../lib/gcc/arm-none-eabi/10.2.1/../../../../arm-none-eabi/lib/thumb/v6-m/nofp\libg_nano.a(lib_a-lock.o)
                                                  c:/users/alexb/chipwh~1/cw/home/portable/armgcc/bin/../lib/gcc/arm-none-eabi/10.2.1/../../../../arm-none-eabi/lib/thumb/v6-m/nofp\libg_nano.a(lib_a-findfp.o)
__lock___tz_mutex                                 c:/users/alexb/chipwh~1/cw/home/portable/armgcc/bin/../lib/gcc/arm-none-eabi/10.2.1/../../../../arm-none-eabi/lib/thumb/v6-m/nofp\libg_nano.a(lib_a-lock.o)
__malloc_free_list                                c:/users/alexb/chipwh~1/cw/home/portable/armgcc/bin/../lib/gcc/arm-none-eabi/10.2.1/../../../../arm-none-eabi/lib/thumb/v6-m/nofp\libg_nano.a(lib_a-nano-mallocr.o)
                                                  c:/users/alexb/chipwh~1/cw/home/portable/armgcc/bin/../lib/gcc/arm-none-eabi/10.2.1/../../../../arm-none-eabi/lib/thumb/v6-m/nofp\libg_nano.a(lib_a-nano-freer.o)
__malloc_lock                                     c:/users/alexb/chipwh~1/cw/home/portable/armgcc/bin/../lib/gcc/arm-none-eabi/10.2.1/../../../../arm-none-eabi/lib/thumb/v6-m/nofp\libg_nano.a(lib_a-mlock.o)
                                                  c:/users/alexb/chipwh~1/cw/home/portable/armgcc/bin/../lib/gcc/arm-none-eabi/10.2.1/../../../../arm-none-eabi/lib/thumb/v6-m/nofp\libg_nano.a(lib_a-nano-mallocr.o)
                                                  c:/users/alexb/chipwh~1/cw/home/portable/armgcc/bin/../lib/gcc/arm-none-eabi/10.2.1/../../../../arm-none-eabi/lib/thumb/v6-m/nofp\libg_nano.a(lib_a-nano-freer.o)
__malloc_sbrk_start                               c:/users/alexb/chipwh~1/cw/home/portable/armgcc/bin/../lib/gcc/arm-none-eabi/10.2.1/../../../../arm-none-eabi/lib/thumb/v6-m/nofp\libg_nano.a(lib_a-nano-mallocr.o)
__malloc_unlock                                   c:/users/alexb/chipwh~1/cw/home/portable/armgcc/bin/../lib/gcc/arm-none-eabi/10.2.1/../../../../arm-none-eabi/lib/thumb/v6-m/nofp\libg_nano.a(lib_a-mlock.o)
                                                  c:/users/alexb/chipwh~1/cw/home/portable/armgcc/bin/../lib/gcc/arm-none-eabi/10.2.1/../../../../arm-none-eabi/lib/thumb/v6-m/nofp\libg_nano.a(lib_a-nano-mallocr.o)
                                                  c:/users/alexb/chipwh~1/cw/home/portable/armgcc/bin/../lib/gcc/arm-none-eabi/10.2.1/../../../../arm-none-eabi/lib/thumb/v6-m/nofp\libg_nano.a(lib_a-nano-freer.o)
__muldi3                                          c:/users/alexb/chipwh~1/cw/home/portable/armgcc/bin/../lib/gcc/arm-none-eabi/10.2.1/thumb/v6-m/nofp\libgcc.a(_muldi3.o)
__preinit_array_end                               c:/users/alexb/chipwh~1/cw/home/portable/armgcc/bin/../lib/gcc/arm-none-eabi/10.2.1/../../../../arm-none-eabi/lib/thumb/v6-m/nofp\libg_nano.a(lib_a-init.o)
__preinit_array_start                             c:/users/alexb/chipwh~1/cw/home/portable/armgcc/bin/../lib/gcc/arm-none-eabi/10.2.1/../../../../arm-none-eabi/lib/thumb/v6-m/nofp\libg_nano.a(lib_a-init.o)
__register_frame_info                             c:/users/alexb/chipwh~1/cw/home/portable/armgcc/bin/../lib/gcc/arm-none-eabi/10.2.1/thumb/v6-m/nofp/crtbegin.o
__retarget_lock_acquire                           c:/users/alexb/chipwh~1/cw/home/portable/armgcc/bin/../lib/gcc/arm-none-eabi/10.2.1/../../../../arm-none-eabi/lib/thumb/v6-m/nofp\libg_nano.a(lib_a-lock.o)
__retarget_lock_acquire_recursive                 c:/users/alexb/chipwh~1/cw/home/portable/armgcc/bin/../lib/gcc/arm-none-eabi/10.2.1/../../../../arm-none-eabi/lib/thumb/v6-m/nofp\libg_nano.a(lib_a-lock.o)
                                                  c:/users/alexb/chipwh~1/cw/home/portable/armgcc/bin/../lib/gcc/arm-none-eabi/10.2.1/../../../../arm-none-eabi/lib/thumb/v6-m/nofp\libg_nano.a(lib_a-mlock.o)
                                                  c:/users/alexb/chipwh~1/cw/home/portable/armgcc/bin/../lib/gcc/arm-none-eabi/10.2.1/../../../../arm-none-eabi/lib/thumb/v6-m/nofp\libg_nano.a(lib_a-findfp.o)
                                                  c:/users/alexb/chipwh~1/cw/home/portable/armgcc/bin/../lib/gcc/arm-none-eabi/10.2.1/../../../../arm-none-eabi/lib/thumb/v6-m/nofp\libg_nano.a(lib_a-fflush.o)
                                                  c:/users/alexb/chipwh~1/cw/home/portable/armgcc/bin/../lib/gcc/arm-none-eabi/10.2.1/../../../../arm-none-eabi/lib/thumb/v6-m/nofp\libg_nano.a(lib_a-nano-vfprintf.o)
__retarget_lock_close                             c:/users/alexb/chipwh~1/cw/home/portable/armgcc/bin/../lib/gcc/arm-none-eabi/10.2.1/../../../../arm-none-eabi/lib/thumb/v6-m/nofp\libg_nano.a(lib_a-lock.o)
__retarget_lock_close_recursive                   c:/users/alexb/chipwh~1/cw/home/portable/armgcc/bin/../lib/gcc/arm-none-eabi/10.2.1/../../../../arm-none-eabi/lib/thumb/v6-m/nofp\libg_nano.a(lib_a-lock.o)
__retarget_lock_init                              c:/users/alexb/chipwh~1/cw/home/portable/armgcc/bin/../lib/gcc/arm-none-eabi/10.2.1/../../../../arm-none-eabi/lib/thumb/v6-m/nofp\libg_nano.a(lib_a-lock.o)
__retarget_lock_init_recursive                    c:/users/alexb/chipwh~1/cw/home/portable/armgcc/bin/../lib/gcc/arm-none-eabi/10.2.1/../../../../arm-none-eabi/lib/thumb/v6-m/nofp\libg_nano.a(lib_a-lock.o)
                                                  c:/users/alexb/chipwh~1/cw/home/portable/armgcc/bin/../lib/gcc/arm-none-eabi/10.2.1/../../../../arm-none-eabi/lib/thumb/v6-m/nofp\libg_nano.a(lib_a-findfp.o)
__retarget_lock_release                           c:/users/alexb/chipwh~1/cw/home/portable/armgcc/bin/../lib/gcc/arm-none-eabi/10.2.1/../../../../arm-none-eabi/lib/thumb/v6-m/nofp\libg_nano.a(lib_a-lock.o)
__retarget_lock_release_recursive                 c:/users/alexb/chipwh~1/cw/home/portable/armgcc/bin/../lib/gcc/arm-none-eabi/10.2.1/../../../../arm-none-eabi/lib/thumb/v6-m/nofp\libg_nano.a(lib_a-lock.o)
                                                  c:/users/alexb/chipwh~1/cw/home/portable/armgcc/bin/../lib/gcc/arm-none-eabi/10.2.1/../../../../arm-none-eabi/lib/thumb/v6-m/nofp\libg_nano.a(lib_a-mlock.o)
                                                  c:/users/alexb/chipwh~1/cw/home/portable/armgcc/bin/../lib/gcc/arm-none-eabi/10.2.1/../../../../arm-none-eabi/lib/thumb/v6-m/nofp\libg_nano.a(lib_a-findfp.o)
                                                  c:/users/alexb/chipwh~1/cw/home/portable/armgcc/bin/../lib/gcc/arm-none-eabi/10.2.1/../../../../arm-none-eabi/lib/thumb/v6-m/nofp\libg_nano.a(lib_a-fflush.o)
                                                  c:/users/alexb/chipwh~1/cw/home/portable/armgcc/bin/../lib/gcc/arm-none-eabi/10.2.1/../../../../arm-none-eabi/lib/thumb/v6-m/nofp\libg_nano.a(lib_a-nano-vfprintf.o)
__retarget_lock_try_acquire                       c:/users/alexb/chipwh~1/cw/home/portable/armgcc/bin/../lib/gcc/arm-none-eabi/10.2.1/../../../../arm-none-eabi/lib/thumb/v6-m/nofp\libg_nano.a(lib_a-lock.o)
__retarget_lock_try_acquire_recursive             c:/users/alexb/chipwh~1/cw/home/portable/armgcc/bin/../lib/gcc/arm-none-eabi/10.2.1/../../../../arm-none-eabi/lib/thumb/v6-m/nofp\libg_nano.a(lib_a-lock.o)
__sclose                                          c:/users/alexb/chipwh~1/cw/home/portable/armgcc/bin/../lib/gcc/arm-none-eabi/10.2.1/../../../../arm-none-eabi/lib/thumb/v6-m/nofp\libg_nano.a(lib_a-stdio.o)
                                                  c:/users/alexb/chipwh~1/cw/home/portable/armgcc/bin/../lib/gcc/arm-none-eabi/10.2.1/../../../../arm-none-eabi/lib/thumb/v6-m/nofp\libg_nano.a(lib_a-findfp.o)
__seofread                                        c:/users/alexb/chipwh~1/cw/home/portable/armgcc/bin/../lib/gcc/arm-none-eabi/10.2.1/../../../../arm-none-eabi/lib/thumb/v6-m/nofp\libg_nano.a(lib_a-stdio.o)
__sf_fake_stderr                                  c:/users/alexb/chipwh~1/cw/home/portable/armgcc/bin/../lib/gcc/arm-none-eabi/10.2.1/../../../../arm-none-eabi/lib/thumb/v6-m/nofp\libg_nano.a(lib_a-findfp.o)
                                                  c:/users/alexb/chipwh~1/cw/home/portable/armgcc/bin/../lib/gcc/arm-none-eabi/10.2.1/../../../../arm-none-eabi/lib/thumb/v6-m/nofp\libg_nano.a(lib_a-fflush.o)
                                                  c:/users/alexb/chipwh~1/cw/home/portable/armgcc/bin/../lib/gcc/arm-none-eabi/10.2.1/../../../../arm-none-eabi/lib/thumb/v6-m/nofp\libg_nano.a(lib_a-wsetup.o)
                                                  c:/users/alexb/chipwh~1/cw/home/portable/armgcc/bin/../lib/gcc/arm-none-eabi/10.2.1/../../../../arm-none-eabi/lib/thumb/v6-m/nofp\libg_nano.a(lib_a-wbuf.o)
                                                  c:/users/alexb/chipwh~1/cw/home/portable/armgcc/bin/../lib/gcc/arm-none-eabi/10.2.1/../../../../arm-none-eabi/lib/thumb/v6-m/nofp\libg_nano.a(lib_a-nano-vfprintf.o)
                                                  c:/users/alexb/chipwh~1/cw/home/portable/armgcc/bin/../lib/gcc/arm-none-eabi/10.2.1/../../../../arm-none-eabi/lib/thumb/v6-m/nofp\libg_nano.a(lib_a-impure.o)
__sf_fake_stdin                                   c:/users/alexb/chipwh~1/cw/home/portable/armgcc/bin/../lib/gcc/arm-none-eabi/10.2.1/../../../../arm-none-eabi/lib/thumb/v6-m/nofp\libg_nano.a(lib_a-findfp.o)
                                                  c:/users/alexb/chipwh~1/cw/home/portable/armgcc/bin/../lib/gcc/arm-none-eabi/10.2.1/../../../../arm-none-eabi/lib/thumb/v6-m/nofp\libg_nano.a(lib_a-fflush.o)
                                                  c:/users/alexb/chipwh~1/cw/home/portable/armgcc/bin/../lib/gcc/arm-none-eabi/10.2.1/../../../../arm-none-eabi/lib/thumb/v6-m/nofp\libg_nano.a(lib_a-wsetup.o)
                                                  c:/users/alexb/chipwh~1/cw/home/portable/armgcc/bin/../lib/gcc/arm-none-eabi/10.2.1/../../../../arm-none-eabi/lib/thumb/v6-m/nofp\libg_nano.a(lib_a-wbuf.o)
                                                  c:/users/alexb/chipwh~1/cw/home/portable/armgcc/bin/../lib/gcc/arm-none-eabi/10.2.1/../../../../arm-none-eabi/lib/thumb/v6-m/nofp\libg_nano.a(lib_a-nano-vfprintf.o)
                                                  c:/users/alexb/chipwh~1/cw/home/portable/armgcc/bin/../lib/gcc/arm-none-eabi/10.2.1/../../../../arm-none-eabi/lib/thumb/v6-m/nofp\libg_nano.a(lib_a-impure.o)
__sf_fake_stdout                                  c:/users/alexb/chipwh~1/cw/home/portable/armgcc/bin/../lib/gcc/arm-none-eabi/10.2.1/../../../../arm-none-eabi/lib/thumb/v6-m/nofp\libg_nano.a(lib_a-findfp.o)
                                                  c:/users/alexb/chipwh~1/cw/home/portable/armgcc/bin/../lib/gcc/arm-none-eabi/10.2.1/../../../../arm-none-eabi/lib/thumb/v6-m/nofp\libg_nano.a(lib_a-fflush.o)
                                                  c:/users/alexb/chipwh~1/cw/home/portable/armgcc/bin/../lib/gcc/arm-none-eabi/10.2.1/../../../../arm-none-eabi/lib/thumb/v6-m/nofp\libg_nano.a(lib_a-wsetup.o)
                                                  c:/users/alexb/chipwh~1/cw/home/portable/armgcc/bin/../lib/gcc/arm-none-eabi/10.2.1/../../../../arm-none-eabi/lib/thumb/v6-m/nofp\libg_nano.a(lib_a-wbuf.o)
                                                  c:/users/alexb/chipwh~1/cw/home/portable/armgcc/bin/../lib/gcc/arm-none-eabi/10.2.1/../../../../arm-none-eabi/lib/thumb/v6-m/nofp\libg_nano.a(lib_a-nano-vfprintf.o)
                                                  c:/users/alexb/chipwh~1/cw/home/portable/armgcc/bin/../lib/gcc/arm-none-eabi/10.2.1/../../../../arm-none-eabi/lib/thumb/v6-m/nofp\libg_nano.a(lib_a-impure.o)
__sflush_r                                        c:/users/alexb/chipwh~1/cw/home/portable/armgcc/bin/../lib/gcc/arm-none-eabi/10.2.1/../../../../arm-none-eabi/lib/thumb/v6-m/nofp\libg_nano.a(lib_a-fflush.o)
__sfmoreglue                                      c:/users/alexb/chipwh~1/cw/home/portable/armgcc/bin/../lib/gcc/arm-none-eabi/10.2.1/../../../../arm-none-eabi/lib/thumb/v6-m/nofp\libg_nano.a(lib_a-findfp.o)
__sfp                                             c:/users/alexb/chipwh~1/cw/home/portable/armgcc/bin/../lib/gcc/arm-none-eabi/10.2.1/../../../../arm-none-eabi/lib/thumb/v6-m/nofp\libg_nano.a(lib_a-findfp.o)
__sfp_lock_acquire                                c:/users/alexb/chipwh~1/cw/home/portable/armgcc/bin/../lib/gcc/arm-none-eabi/10.2.1/../../../../arm-none-eabi/lib/thumb/v6-m/nofp\libg_nano.a(lib_a-findfp.o)
__sfp_lock_release                                c:/users/alexb/chipwh~1/cw/home/portable/armgcc/bin/../lib/gcc/arm-none-eabi/10.2.1/../../../../arm-none-eabi/lib/thumb/v6-m/nofp\libg_nano.a(lib_a-findfp.o)
__sfputs_r                                        c:/users/alexb/chipwh~1/cw/home/portable/armgcc/bin/../lib/gcc/arm-none-eabi/10.2.1/../../../../arm-none-eabi/lib/thumb/v6-m/nofp\libg_nano.a(lib_a-nano-vfprintf.o)
__sfvwrite_r                                      c:/users/alexb/chipwh~1/cw/home/portable/armgcc/bin/../lib/gcc/arm-none-eabi/10.2.1/../../../../arm-none-eabi/lib/thumb/v6-m/nofp\libg_nano.a(lib_a-fvwrite.o)
                                                  c:/users/alexb/chipwh~1/cw/home/portable/armgcc/bin/../lib/gcc/arm-none-eabi/10.2.1/../../../../arm-none-eabi/lib/thumb/v6-m/nofp\libg_nano.a(lib_a-nano-vfprintf.o)
__sigtramp                                        c:/users/alexb/chipwh~1/cw/home/portable/armgcc/bin/../lib/gcc/arm-none-eabi/10.2.1/../../../../arm-none-eabi/lib/thumb/v6-m/nofp\libg_nano.a(lib_a-signal.o)
__sigtramp_r                                      c:/users/alexb/chipwh~1/cw/home/portable/armgcc/bin/../lib/gcc/arm-none-eabi/10.2.1/../../../../arm-none-eabi/lib/thumb/v6-m/nofp\libg_nano.a(lib_a-signal.o)
__sinit                                           c:/users/alexb/chipwh~1/cw/home/portable/armgcc/bin/../lib/gcc/arm-none-eabi/10.2.1/../../../../arm-none-eabi/lib/thumb/v6-m/nofp\libg_nano.a(lib_a-findfp.o)
                                                  c:/users/alexb/chipwh~1/cw/home/portable/armgcc/bin/../lib/gcc/arm-none-eabi/10.2.1/../../../../arm-none-eabi/lib/thumb/v6-m/nofp\libg_nano.a(lib_a-fflush.o)
                                                  c:/users/alexb/chipwh~1/cw/home/portable/armgcc/bin/../lib/gcc/arm-none-eabi/10.2.1/../../../../arm-none-eabi/lib/thumb/v6-m/nofp\libg_nano.a(lib_a-wsetup.o)
                                                  c:/users/alexb/chipwh~1/cw/home/portable/armgcc/bin/../lib/gcc/arm-none-eabi/10.2.1/../../../../arm-none-eabi/lib/thumb/v6-m/nofp\libg_nano.a(lib_a-wbuf.o)
                                                  c:/users/alexb/chipwh~1/cw/home/portable/armgcc/bin/../lib/gcc/arm-none-eabi/10.2.1/../../../../arm-none-eabi/lib/thumb/v6-m/nofp\libg_nano.a(lib_a-nano-vfprintf.o)
__sinit_lock_acquire                              c:/users/alexb/chipwh~1/cw/home/portable/armgcc/bin/../lib/gcc/arm-none-eabi/10.2.1/../../../../arm-none-eabi/lib/thumb/v6-m/nofp\libg_nano.a(lib_a-findfp.o)
__sinit_lock_release                              c:/users/alexb/chipwh~1/cw/home/portable/armgcc/bin/../lib/gcc/arm-none-eabi/10.2.1/../../../../arm-none-eabi/lib/thumb/v6-m/nofp\libg_nano.a(lib_a-findfp.o)
__smakebuf_r                                      c:/users/alexb/chipwh~1/cw/home/portable/armgcc/bin/../lib/gcc/arm-none-eabi/10.2.1/../../../../arm-none-eabi/lib/thumb/v6-m/nofp\libg_nano.a(lib_a-makebuf.o)
                                                  c:/users/alexb/chipwh~1/cw/home/portable/armgcc/bin/../lib/gcc/arm-none-eabi/10.2.1/../../../../arm-none-eabi/lib/thumb/v6-m/nofp\libg_nano.a(lib_a-wsetup.o)
__sprint_r                                        c:/users/alexb/chipwh~1/cw/home/portable/armgcc/bin/../lib/gcc/arm-none-eabi/10.2.1/../../../../arm-none-eabi/lib/thumb/v6-m/nofp\libg_nano.a(lib_a-nano-vfprintf.o)
__sread                                           c:/users/alexb/chipwh~1/cw/home/portable/armgcc/bin/../lib/gcc/arm-none-eabi/10.2.1/../../../../arm-none-eabi/lib/thumb/v6-m/nofp\libg_nano.a(lib_a-stdio.o)
                                                  c:/users/alexb/chipwh~1/cw/home/portable/armgcc/bin/../lib/gcc/arm-none-eabi/10.2.1/../../../../arm-none-eabi/lib/thumb/v6-m/nofp\libg_nano.a(lib_a-findfp.o)
__sseek                                           c:/users/alexb/chipwh~1/cw/home/portable/armgcc/bin/../lib/gcc/arm-none-eabi/10.2.1/../../../../arm-none-eabi/lib/thumb/v6-m/nofp\libg_nano.a(lib_a-stdio.o)
                                                  c:/users/alexb/chipwh~1/cw/home/portable/armgcc/bin/../lib/gcc/arm-none-eabi/10.2.1/../../../../arm-none-eabi/lib/thumb/v6-m/nofp\libg_nano.a(lib_a-findfp.o)